#! /usr/bin/vvp
:ivl_version "13.0 (stable)" "(v13_0)";
:ivl_delay_selection "TYPICAL";
:vpi_time_precision - 9;
:vpi_module "/usr/lib64/ivl/system.vpi";
:vpi_module "/usr/lib64/ivl/vhdl_sys.vpi";
:vpi_module "/usr/lib64/ivl/vhdl_textio.vpi";
:vpi_module "/usr/lib64/ivl/v2005_math.vpi";
:vpi_module "/usr/lib64/ivl/va_math.vpi";
:vpi_module "/usr/lib64/ivl/v2009.vpi";
S_0x556a7e95b270 .scope package, "$unit" "$unit" 2 1;
 .timescale 0 0;
S_0x556a7e903550 .scope module, "robot_model_tb" "robot_model_tb" 3 1;
 .timescale -8 -9;
v0x556a7e9b6cd0_0 .var "clock", 0 0;
v0x556a7e9b6d90_0 .var/i "i", 31 0;
v0x556a7e9b6e50_0 .net "load_start", 0 0, L_0x556a7e9b8150;  1 drivers
v0x556a7e9b6ef0_0 .var "reset_n", 0 0;
v0x556a7e9b6f90_0 .var "s0_req", 0 0;
v0x556a7e9b7030_0 .var "s0_unload_done", 0 0;
v0x556a7e9b70d0_0 .net "s0_unloadstart", 0 0, L_0x556a7e991a10;  1 drivers
v0x556a7e9b7170_0 .var "s0_unloadstart_prev", 0 0;
v0x556a7e9b7210_0 .var "s1_req", 0 0;
v0x556a7e9b72b0_0 .var "s1_unload_done", 0 0;
v0x556a7e9b7350_0 .net "s1_unloadstart", 0 0, L_0x556a7e992190;  1 drivers
v0x556a7e9b73f0_0 .var "s1_unloadstart_prev", 0 0;
v0x556a7e9b7490_0 .var "s2_req", 0 0;
v0x556a7e9b7530_0 .var "s2_unload_done", 0 0;
v0x556a7e9b75d0_0 .net "s2_unloadstart", 0 0, L_0x556a7e992580;  1 drivers
v0x556a7e9b7670_0 .var "s2_unloadstart_prev", 0 0;
v0x556a7e9b7710_0 .var "s3_req", 0 0;
v0x556a7e9b77e0_0 .var "s3_unload_done", 0 0;
v0x556a7e9b78b0_0 .net "s3_unloadstart", 0 0, L_0x556a7e995400;  1 drivers
v0x556a7e9b7980_0 .var "s3_unloadstart_prev", 0 0;
v0x556a7e9b7a20_0 .var/i "tempo", 31 0;
E_0x556a7e959b60 .event posedge, v0x556a7e9b5770_0;
E_0x556a7e959b20 .event anyedge, v0x556a7e9b6710_0;
E_0x556a7e959ae0 .event anyedge, v0x556a7e9b64d0_0;
E_0x556a7e959aa0 .event anyedge, v0x556a7e9b6290_0;
E_0x556a7e959a40 .event anyedge, v0x556a7e9b6050_0;
S_0x556a7e9036e0 .scope autotask, "check_exclusividade" "check_exclusividade" 3 242, 3 242 0, S_0x556a7e903550;
 .timescale -8 -9;
v0x556a7e98c680_0 .var "m0", 0 0;
v0x556a7e98ca70_0 .var "m1", 0 0;
v0x556a7e98d5f0_0 .var "m2", 0 0;
v0x556a7e98da20_0 .var "m3", 0 0;
v0x556a7e98e1a0_0 .var/i "motores_ligados", 31 0;
TD_robot_model_tb.check_exclusividade ;
    %load/vec4 v0x556a7e98c680_0;
    %pad/u 32;
    %load/vec4 v0x556a7e98ca70_0;
    %pad/u 32;
    %add;
    %load/vec4 v0x556a7e98d5f0_0;
    %pad/u 32;
    %add;
    %load/vec4 v0x556a7e98da20_0;
    %pad/u 32;
    %add;
    %store/vec4 v0x556a7e98e1a0_0, 0, 32;
    %load/vec4 v0x556a7e98e1a0_0;
    %cmpi/s 1, 0, 32;
    %flag_or 5, 4;
    %jmp/0xz  T_0.0, 5;
    %jmp T_0.1;
T_0.0 ;
    %vpi_call/w 3 247 "$error", "[FALHA - Tempo: %0t] M\303\272ltiplos motores de descarga ligados ao msm tempo! (Total: %0d)", $time, v0x556a7e98e1a0_0 {0 0 0};
T_0.1 ;
    %end;
S_0x556a7e9b3260 .scope autotask, "check_handshake" "check_handshake" 3 252, 3 252 0, S_0x556a7e903550;
 .timescale -8 -9;
v0x556a7e98e590_0 .var "curr_start", 0 0;
v0x556a7e98ea20_0 .var "done", 0 0;
v0x556a7e98f9d0_0 .var/i "estacao", 31 0;
v0x556a7e98fe80_0 .var "start_prev", 0 0;
TD_robot_model_tb.check_handshake ;
    %load/vec4 v0x556a7e98fe80_0;
    %cmpi/e 1, 0, 1;
    %flag_get/vec4 4;
    %jmp/0 T_1.4, 4;
    %load/vec4 v0x556a7e98e590_0;
    %pushi/vec4 0, 0, 1;
    %cmp/e;
    %flag_get/vec4 4;
    %and;
T_1.4;
    %flag_set/vec4 8;
    %jmp/0xz  T_1.2, 8;
    %load/vec4 v0x556a7e98ea20_0;
    %cmpi/e 1, 0, 1;
    %jmp/0xz  T_1.5, 4;
    %jmp T_1.6;
T_1.5 ;
    %vpi_call/w 3 255 "$error", "[FALHA DE HANDSHAKE - Tempo: %0t] S%0d desligou o motor sem esperar o sinal de 'done'!", $time, v0x556a7e98f9d0_0 {0 0 0};
T_1.6 ;
T_1.2 ;
    %end;
S_0x556a7e9b34e0 .scope autotask, "envia_pedido" "envia_pedido" 3 149, 3 149 0, S_0x556a7e903550;
 .timescale -8 -9;
v0x556a7e990b70_0 .var/i "estacao", 31 0;
v0x556a7e991270_0 .var/i "t_motor", 31 0;
TD_robot_model_tb.envia_pedido ;
    %vpi_call/w 3 150 "$display", "[Tempo: %0t] -> Gerado Pedido Aleatorio para Estacao %0d (Tempo de motor: %0d clocks)", $time, v0x556a7e990b70_0, v0x556a7e991270_0 {0 0 0};
    %wait E_0x556a7e959b60;
    %delay 10, 0;
    %load/vec4 v0x556a7e990b70_0;
    %cmpi/e 0, 0, 32;
    %jmp/0xz  T_2.7, 4;
    %pushi/vec4 1, 0, 1;
    %assign/vec4 v0x556a7e9b6f90_0, 0;
T_2.9 ;
    %load/vec4 v0x556a7e9b70d0_0;
    %cmpi/ne 1, 0, 1;
    %jmp/0xz T_2.10, 6;
    %wait E_0x556a7e959a40;
    %jmp T_2.9;
T_2.10 ;
    %pushi/vec4 0, 0, 1;
    %assign/vec4 v0x556a7e9b6f90_0, 0;
    %load/vec4 v0x556a7e991270_0;
T_2.11 %dup/vec4;
    %cmpi/s 0, 0, 32;
    %jmp/1xz T_2.12, 5;
    %jmp/1 T_2.12, 4;
    %subi 1, 0, 32;
    %wait E_0x556a7e959b60;
    %jmp T_2.11;
T_2.12 ;
    %pop/vec4 1;
    %pushi/vec4 1, 0, 1;
    %assign/vec4 v0x556a7e9b7030_0, 0;
T_2.13 ;
    %load/vec4 v0x556a7e9b70d0_0;
    %nor/r;
    %cmpi/ne 1, 0, 1;
    %jmp/0xz T_2.14, 6;
    %wait E_0x556a7e959a40;
    %jmp T_2.13;
T_2.14 ;
    %wait E_0x556a7e959b60;
    %delay 10, 0;
    %pushi/vec4 0, 0, 1;
    %assign/vec4 v0x556a7e9b7030_0, 0;
    %jmp T_2.8;
T_2.7 ;
    %load/vec4 v0x556a7e990b70_0;
    %cmpi/e 1, 0, 32;
    %jmp/0xz  T_2.15, 4;
    %pushi/vec4 1, 0, 1;
    %assign/vec4 v0x556a7e9b7210_0, 0;
T_2.17 ;
    %load/vec4 v0x556a7e9b7350_0;
    %cmpi/ne 1, 0, 1;
    %jmp/0xz T_2.18, 6;
    %wait E_0x556a7e959aa0;
    %jmp T_2.17;
T_2.18 ;
    %pushi/vec4 0, 0, 1;
    %assign/vec4 v0x556a7e9b7210_0, 0;
    %load/vec4 v0x556a7e991270_0;
T_2.19 %dup/vec4;
    %cmpi/s 0, 0, 32;
    %jmp/1xz T_2.20, 5;
    %jmp/1 T_2.20, 4;
    %subi 1, 0, 32;
    %wait E_0x556a7e959b60;
    %jmp T_2.19;
T_2.20 ;
    %pop/vec4 1;
    %pushi/vec4 1, 0, 1;
    %assign/vec4 v0x556a7e9b72b0_0, 0;
T_2.21 ;
    %load/vec4 v0x556a7e9b7350_0;
    %nor/r;
    %cmpi/ne 1, 0, 1;
    %jmp/0xz T_2.22, 6;
    %wait E_0x556a7e959aa0;
    %jmp T_2.21;
T_2.22 ;
    %wait E_0x556a7e959b60;
    %delay 10, 0;
    %pushi/vec4 0, 0, 1;
    %assign/vec4 v0x556a7e9b72b0_0, 0;
    %jmp T_2.16;
T_2.15 ;
    %load/vec4 v0x556a7e990b70_0;
    %cmpi/e 2, 0, 32;
    %jmp/0xz  T_2.23, 4;
    %pushi/vec4 1, 0, 1;
    %assign/vec4 v0x556a7e9b7490_0, 0;
T_2.25 ;
    %load/vec4 v0x556a7e9b75d0_0;
    %cmpi/ne 1, 0, 1;
    %jmp/0xz T_2.26, 6;
    %wait E_0x556a7e959ae0;
    %jmp T_2.25;
T_2.26 ;
    %pushi/vec4 0, 0, 1;
    %assign/vec4 v0x556a7e9b7490_0, 0;
    %load/vec4 v0x556a7e991270_0;
T_2.27 %dup/vec4;
    %cmpi/s 0, 0, 32;
    %jmp/1xz T_2.28, 5;
    %jmp/1 T_2.28, 4;
    %subi 1, 0, 32;
    %wait E_0x556a7e959b60;
    %jmp T_2.27;
T_2.28 ;
    %pop/vec4 1;
    %pushi/vec4 1, 0, 1;
    %assign/vec4 v0x556a7e9b7530_0, 0;
T_2.29 ;
    %load/vec4 v0x556a7e9b75d0_0;
    %nor/r;
    %cmpi/ne 1, 0, 1;
    %jmp/0xz T_2.30, 6;
    %wait E_0x556a7e959ae0;
    %jmp T_2.29;
T_2.30 ;
    %wait E_0x556a7e959b60;
    %delay 10, 0;
    %pushi/vec4 0, 0, 1;
    %assign/vec4 v0x556a7e9b7530_0, 0;
    %jmp T_2.24;
T_2.23 ;
    %load/vec4 v0x556a7e990b70_0;
    %cmpi/e 3, 0, 32;
    %jmp/0xz  T_2.31, 4;
    %pushi/vec4 1, 0, 1;
    %assign/vec4 v0x556a7e9b7710_0, 0;
T_2.33 ;
    %load/vec4 v0x556a7e9b78b0_0;
    %cmpi/ne 1, 0, 1;
    %jmp/0xz T_2.34, 6;
    %wait E_0x556a7e959b20;
    %jmp T_2.33;
T_2.34 ;
    %pushi/vec4 0, 0, 1;
    %assign/vec4 v0x556a7e9b7710_0, 0;
    %load/vec4 v0x556a7e991270_0;
T_2.35 %dup/vec4;
    %cmpi/s 0, 0, 32;
    %jmp/1xz T_2.36, 5;
    %jmp/1 T_2.36, 4;
    %subi 1, 0, 32;
    %wait E_0x556a7e959b60;
    %jmp T_2.35;
T_2.36 ;
    %pop/vec4 1;
    %pushi/vec4 1, 0, 1;
    %assign/vec4 v0x556a7e9b77e0_0, 0;
T_2.37 ;
    %load/vec4 v0x556a7e9b78b0_0;
    %nor/r;
    %cmpi/ne 1, 0, 1;
    %jmp/0xz T_2.38, 6;
    %wait E_0x556a7e959b20;
    %jmp T_2.37;
T_2.38 ;
    %wait E_0x556a7e959b60;
    %delay 10, 0;
    %pushi/vec4 0, 0, 1;
    %assign/vec4 v0x556a7e9b77e0_0, 0;
T_2.31 ;
T_2.24 ;
T_2.16 ;
T_2.8 ;
    %pushi/vec4 4, 0, 32;
T_2.39 %dup/vec4;
    %cmpi/s 0, 0, 32;
    %jmp/1xz T_2.40, 5;
    %jmp/1 T_2.40, 4;
    %subi 1, 0, 32;
    %wait E_0x556a7e959b60;
    %jmp T_2.39;
T_2.40 ;
    %pop/vec4 1;
    %end;
S_0x556a7e9b3740 .scope module, "u_robot_model" "robot_model" 3 19, 4 196 0, S_0x556a7e903550;
 .timescale -8 -9;
    .port_info 0 /INPUT 1 "clock";
    .port_info 1 /INPUT 1 "reset_n";
    .port_info 2 /INPUT 1 "s0_req";
    .port_info 3 /INPUT 1 "s1_req";
    .port_info 4 /INPUT 1 "s2_req";
    .port_info 5 /INPUT 1 "s3_req";
    .port_info 6 /INPUT 1 "s0_unload_done";
    .port_info 7 /INPUT 1 "s1_unload_done";
    .port_info 8 /INPUT 1 "s2_unload_done";
    .port_info 9 /INPUT 1 "s3_unload_done";
    .port_info 10 /OUTPUT 1 "s0_unloadstart";
    .port_info 11 /OUTPUT 1 "s1_unloadstart";
    .port_info 12 /OUTPUT 1 "s2_unloadstart";
    .port_info 13 /OUTPUT 1 "s3_unloadstart";
    .port_info 14 /OUTPUT 1 "load_start";
enum0x556a7e92a060 .enum4 (4)
   "WAIT_REQ" 4'b0000,
   "START_S0" 4'b0001,
   "UNLOAD_S0" 4'b0010,
   "START_S1" 4'b0011,
   "UNLOAD_S1" 4'b0100,
   "START_S2" 4'b0101,
   "UNLOAD_S2" 4'b0110,
   "START_S3" 4'b0111,
   "UNLOAD_S3" 4'b1000
 ;
enum0x556a7e93acb0 .enum4 (2)
   "LOAD_IDLE" 2'b00,
   "LOAD_STEP1" 2'b01,
   "LOAD_STEP2" 2'b10,
   "LOAD_STEP3" 2'b11
 ;
enum0x556a7e93b360 .enum4 (2)
   "UNLOAD_IDLE" 2'b00,
   "UNLOAD_MOVE" 2'b01,
   "UNLOAD_RELEASE" 2'b10,
   "UNLOAD_RETURN" 2'b11
 ;
L_0x556a7e98e910 .functor OR 1, L_0x556a7e9b7af0, L_0x556a7e9b7bf0, C4<0>, C4<0>;
L_0x556a7e98ef60 .functor OR 1, L_0x556a7e98e910, L_0x556a7e9b7e00, C4<0>, C4<0>;
L_0x556a7e98fd30 .functor OR 1, L_0x556a7e98ef60, L_0x556a7e9b7f90, C4<0>, C4<0>;
L_0x556a7e990160 .functor OR 1, L_0x556a7e9b8290, L_0x556a7e9b83c0, C4<0>, C4<0>;
L_0x556a7e991120 .functor OR 1, L_0x556a7e990160, L_0x556a7e9b8550, C4<0>, C4<0>;
L_0x556a7e9915b0 .functor OR 1, L_0x556a7e991120, L_0x556a7e9b87c0, C4<0>, C4<0>;
L_0x556a7e991a10 .functor AND 1, L_0x556a7e9b8900, L_0x556a7e9b8a50, C4<1>, C4<1>;
L_0x556a7e992190 .functor AND 1, L_0x556a7e9b8c30, L_0x556a7e9b8d90, C4<1>, C4<1>;
L_0x556a7e992580 .functor AND 1, L_0x556a7e9b8fc0, L_0x556a7e9b9130, C4<1>, C4<1>;
L_0x556a7e995400 .functor AND 1, L_0x556a7e9b92c0, L_0x556a7e9b9550, C4<1>, C4<1>;
L_0x7fe3f02bf018 .functor BUFT 1, C4<0001>, C4<0>, C4<0>, C4<0>;
v0x556a7e991730_0 .net/2u *"_ivl_0", 3 0, L_0x7fe3f02bf018;  1 drivers
L_0x7fe3f02bf0a8 .functor BUFT 1, C4<0101>, C4<0>, C4<0>, C4<0>;
v0x556a7e991b60_0 .net/2u *"_ivl_10", 3 0, L_0x7fe3f02bf0a8;  1 drivers
v0x556a7e9922e0_0 .net *"_ivl_12", 0 0, L_0x556a7e9b7e00;  1 drivers
v0x556a7e9926d0_0 .net *"_ivl_15", 0 0, L_0x556a7e98ef60;  1 drivers
L_0x7fe3f02bf0f0 .functor BUFT 1, C4<0111>, C4<0>, C4<0>, C4<0>;
v0x556a7e995510_0 .net/2u *"_ivl_16", 3 0, L_0x7fe3f02bf0f0;  1 drivers
v0x556a7e9b3cf0_0 .net *"_ivl_18", 0 0, L_0x556a7e9b7f90;  1 drivers
v0x556a7e9b3db0_0 .net *"_ivl_2", 0 0, L_0x556a7e9b7af0;  1 drivers
L_0x7fe3f02bf138 .functor BUFT 1, C4<00>, C4<0>, C4<0>, C4<0>;
v0x556a7e9b3e70_0 .net/2u *"_ivl_22", 1 0, L_0x7fe3f02bf138;  1 drivers
L_0x7fe3f02bf180 .functor BUFT 1, C4<0010>, C4<0>, C4<0>, C4<0>;
v0x556a7e9b3f50_0 .net/2u *"_ivl_26", 3 0, L_0x7fe3f02bf180;  1 drivers
v0x556a7e9b4030_0 .net *"_ivl_28", 0 0, L_0x556a7e9b8290;  1 drivers
L_0x7fe3f02bf1c8 .functor BUFT 1, C4<0100>, C4<0>, C4<0>, C4<0>;
v0x556a7e9b40f0_0 .net/2u *"_ivl_30", 3 0, L_0x7fe3f02bf1c8;  1 drivers
v0x556a7e9b41d0_0 .net *"_ivl_32", 0 0, L_0x556a7e9b83c0;  1 drivers
v0x556a7e9b4290_0 .net *"_ivl_35", 0 0, L_0x556a7e990160;  1 drivers
L_0x7fe3f02bf210 .functor BUFT 1, C4<0110>, C4<0>, C4<0>, C4<0>;
v0x556a7e9b4350_0 .net/2u *"_ivl_36", 3 0, L_0x7fe3f02bf210;  1 drivers
v0x556a7e9b4430_0 .net *"_ivl_38", 0 0, L_0x556a7e9b8550;  1 drivers
L_0x7fe3f02bf060 .functor BUFT 1, C4<0011>, C4<0>, C4<0>, C4<0>;
v0x556a7e9b44f0_0 .net/2u *"_ivl_4", 3 0, L_0x7fe3f02bf060;  1 drivers
v0x556a7e9b45d0_0 .net *"_ivl_41", 0 0, L_0x556a7e991120;  1 drivers
L_0x7fe3f02bf258 .functor BUFT 1, C4<1000>, C4<0>, C4<0>, C4<0>;
v0x556a7e9b4690_0 .net/2u *"_ivl_42", 3 0, L_0x7fe3f02bf258;  1 drivers
v0x556a7e9b4770_0 .net *"_ivl_44", 0 0, L_0x556a7e9b87c0;  1 drivers
L_0x7fe3f02bf2a0 .functor BUFT 1, C4<0010>, C4<0>, C4<0>, C4<0>;
v0x556a7e9b4830_0 .net/2u *"_ivl_48", 3 0, L_0x7fe3f02bf2a0;  1 drivers
v0x556a7e9b4910_0 .net *"_ivl_50", 0 0, L_0x556a7e9b8900;  1 drivers
L_0x7fe3f02bf2e8 .functor BUFT 1, C4<00>, C4<0>, C4<0>, C4<0>;
v0x556a7e9b49d0_0 .net/2u *"_ivl_52", 1 0, L_0x7fe3f02bf2e8;  1 drivers
v0x556a7e9b4ab0_0 .net *"_ivl_54", 0 0, L_0x556a7e9b8a50;  1 drivers
L_0x7fe3f02bf330 .functor BUFT 1, C4<0100>, C4<0>, C4<0>, C4<0>;
v0x556a7e9b4b70_0 .net/2u *"_ivl_58", 3 0, L_0x7fe3f02bf330;  1 drivers
v0x556a7e9b4c50_0 .net *"_ivl_6", 0 0, L_0x556a7e9b7bf0;  1 drivers
v0x556a7e9b4d10_0 .net *"_ivl_60", 0 0, L_0x556a7e9b8c30;  1 drivers
L_0x7fe3f02bf378 .functor BUFT 1, C4<00>, C4<0>, C4<0>, C4<0>;
v0x556a7e9b4dd0_0 .net/2u *"_ivl_62", 1 0, L_0x7fe3f02bf378;  1 drivers
v0x556a7e9b4eb0_0 .net *"_ivl_64", 0 0, L_0x556a7e9b8d90;  1 drivers
L_0x7fe3f02bf3c0 .functor BUFT 1, C4<0110>, C4<0>, C4<0>, C4<0>;
v0x556a7e9b4f70_0 .net/2u *"_ivl_68", 3 0, L_0x7fe3f02bf3c0;  1 drivers
v0x556a7e9b5050_0 .net *"_ivl_70", 0 0, L_0x556a7e9b8fc0;  1 drivers
L_0x7fe3f02bf408 .functor BUFT 1, C4<00>, C4<0>, C4<0>, C4<0>;
v0x556a7e9b5110_0 .net/2u *"_ivl_72", 1 0, L_0x7fe3f02bf408;  1 drivers
v0x556a7e9b51f0_0 .net *"_ivl_74", 0 0, L_0x556a7e9b9130;  1 drivers
L_0x7fe3f02bf450 .functor BUFT 1, C4<1000>, C4<0>, C4<0>, C4<0>;
v0x556a7e9b52b0_0 .net/2u *"_ivl_78", 3 0, L_0x7fe3f02bf450;  1 drivers
v0x556a7e9b5390_0 .net *"_ivl_80", 0 0, L_0x556a7e9b92c0;  1 drivers
L_0x7fe3f02bf498 .functor BUFT 1, C4<00>, C4<0>, C4<0>, C4<0>;
v0x556a7e9b5450_0 .net/2u *"_ivl_82", 1 0, L_0x7fe3f02bf498;  1 drivers
v0x556a7e9b5530_0 .net *"_ivl_84", 0 0, L_0x556a7e9b9550;  1 drivers
v0x556a7e9b55f0_0 .net *"_ivl_9", 0 0, L_0x556a7e98e910;  1 drivers
v0x556a7e9b56b0_0 .var "active_done_signal", 0 0;
v0x556a7e9b5770_0 .net "clock", 0 0, v0x556a7e9b6cd0_0;  1 drivers
v0x556a7e9b5830_0 .var "curr_state", 3 0;
v0x556a7e9b5910_0 .var "load_cstate", 1 0;
v0x556a7e9b59f0_0 .var "load_done", 0 0;
v0x556a7e9b5ab0_0 .net "load_start", 0 0, L_0x556a7e9b8150;  alias, 1 drivers
v0x556a7e9b5b70_0 .var "next_load_cstate", 1 0;
v0x556a7e9b5c50_0 .var "next_state", 3 0;
v0x556a7e9b5d30_0 .var "next_unload_cstate", 1 0;
v0x556a7e9b5e10_0 .net "reset_n", 0 0, v0x556a7e9b6ef0_0;  1 drivers
v0x556a7e9b5ed0_0 .net "s0_req", 0 0, v0x556a7e9b6f90_0;  1 drivers
v0x556a7e9b5f90_0 .net "s0_unload_done", 0 0, v0x556a7e9b7030_0;  1 drivers
v0x556a7e9b6050_0 .net "s0_unloadstart", 0 0, L_0x556a7e991a10;  alias, 1 drivers
v0x556a7e9b6110_0 .net "s1_req", 0 0, v0x556a7e9b7210_0;  1 drivers
v0x556a7e9b61d0_0 .net "s1_unload_done", 0 0, v0x556a7e9b72b0_0;  1 drivers
v0x556a7e9b6290_0 .net "s1_unloadstart", 0 0, L_0x556a7e992190;  alias, 1 drivers
v0x556a7e9b6350_0 .net "s2_req", 0 0, v0x556a7e9b7490_0;  1 drivers
v0x556a7e9b6410_0 .net "s2_unload_done", 0 0, v0x556a7e9b7530_0;  1 drivers
v0x556a7e9b64d0_0 .net "s2_unloadstart", 0 0, L_0x556a7e992580;  alias, 1 drivers
v0x556a7e9b6590_0 .net "s3_req", 0 0, v0x556a7e9b7710_0;  1 drivers
v0x556a7e9b6650_0 .net "s3_unload_done", 0 0, v0x556a7e9b77e0_0;  1 drivers
v0x556a7e9b6710_0 .net "s3_unloadstart", 0 0, L_0x556a7e995400;  alias, 1 drivers
v0x556a7e9b67d0_0 .net "trigger_load", 0 0, L_0x556a7e98fd30;  1 drivers
v0x556a7e9b6890_0 .net "trigger_unload", 0 0, L_0x556a7e9915b0;  1 drivers
v0x556a7e9b6950_0 .var "unload_cstate", 1 0;
v0x556a7e9b6a30_0 .var "unload_done_internal", 0 0;
E_0x556a7e95a990 .event anyedge, v0x556a7e9b6950_0, v0x556a7e9b6890_0, v0x556a7e9b56b0_0;
E_0x556a7e93adf0/0 .event anyedge, v0x556a7e9b5830_0, v0x556a7e9b5f90_0, v0x556a7e9b61d0_0, v0x556a7e9b6410_0;
E_0x556a7e93adf0/1 .event anyedge, v0x556a7e9b6650_0;
E_0x556a7e93adf0 .event/or E_0x556a7e93adf0/0, E_0x556a7e93adf0/1;
E_0x556a7e93ac70 .event anyedge, v0x556a7e9b5910_0, v0x556a7e9b67d0_0;
E_0x556a7e95a7a0/0 .event anyedge, v0x556a7e9b5830_0, v0x556a7e9b5ed0_0, v0x556a7e9b6110_0, v0x556a7e9b6350_0;
E_0x556a7e95a7a0/1 .event anyedge, v0x556a7e9b6590_0, v0x556a7e9b59f0_0, v0x556a7e9b6a30_0;
E_0x556a7e95a7a0 .event/or E_0x556a7e95a7a0/0, E_0x556a7e95a7a0/1;
E_0x556a7e95a720/0 .event negedge, v0x556a7e9b5e10_0;
E_0x556a7e95a720/1 .event posedge, v0x556a7e9b5770_0;
E_0x556a7e95a720 .event/or E_0x556a7e95a720/0, E_0x556a7e95a720/1;
L_0x556a7e9b7af0 .cmp/eq 4, v0x556a7e9b5830_0, L_0x7fe3f02bf018;
L_0x556a7e9b7bf0 .cmp/eq 4, v0x556a7e9b5830_0, L_0x7fe3f02bf060;
L_0x556a7e9b7e00 .cmp/eq 4, v0x556a7e9b5830_0, L_0x7fe3f02bf0a8;
L_0x556a7e9b7f90 .cmp/eq 4, v0x556a7e9b5830_0, L_0x7fe3f02bf0f0;
L_0x556a7e9b8150 .cmp/ne 2, v0x556a7e9b5910_0, L_0x7fe3f02bf138;
L_0x556a7e9b8290 .cmp/eq 4, v0x556a7e9b5830_0, L_0x7fe3f02bf180;
L_0x556a7e9b83c0 .cmp/eq 4, v0x556a7e9b5830_0, L_0x7fe3f02bf1c8;
L_0x556a7e9b8550 .cmp/eq 4, v0x556a7e9b5830_0, L_0x7fe3f02bf210;
L_0x556a7e9b87c0 .cmp/eq 4, v0x556a7e9b5830_0, L_0x7fe3f02bf258;
L_0x556a7e9b8900 .cmp/eq 4, v0x556a7e9b5830_0, L_0x7fe3f02bf2a0;
L_0x556a7e9b8a50 .cmp/ne 2, v0x556a7e9b6950_0, L_0x7fe3f02bf2e8;
L_0x556a7e9b8c30 .cmp/eq 4, v0x556a7e9b5830_0, L_0x7fe3f02bf330;
L_0x556a7e9b8d90 .cmp/ne 2, v0x556a7e9b6950_0, L_0x7fe3f02bf378;
L_0x556a7e9b8fc0 .cmp/eq 4, v0x556a7e9b5830_0, L_0x7fe3f02bf3c0;
L_0x556a7e9b9130 .cmp/ne 2, v0x556a7e9b6950_0, L_0x7fe3f02bf408;
L_0x556a7e9b92c0 .cmp/eq 4, v0x556a7e9b5830_0, L_0x7fe3f02bf450;
L_0x556a7e9b9550 .cmp/ne 2, v0x556a7e9b6950_0, L_0x7fe3f02bf498;
    .scope S_0x556a7e9b3740;
T_3 ;
    %wait E_0x556a7e95a720;
    %load/vec4 v0x556a7e9b5e10_0;
    %nor/r;
    %flag_set/vec4 8;
    %jmp/0xz  T_3.0, 8;
    %pushi/vec4 0, 0, 4;
    %assign/vec4 v0x556a7e9b5830_0, 0;
    %pushi/vec4 0, 0, 2;
    %assign/vec4 v0x556a7e9b5910_0, 0;
    %pushi/vec4 0, 0, 2;
    %assign/vec4 v0x556a7e9b6950_0, 0;
    %jmp T_3.1;
T_3.0 ;
    %load/vec4 v0x556a7e9b5c50_0;
    %assign/vec4 v0x556a7e9b5830_0, 0;
    %load/vec4 v0x556a7e9b5b70_0;
    %assign/vec4 v0x556a7e9b5910_0, 0;
    %load/vec4 v0x556a7e9b5d30_0;
    %assign/vec4 v0x556a7e9b6950_0, 0;
T_3.1 ;
    %jmp T_3;
    .thread T_3;
    .scope S_0x556a7e9b3740;
T_4 ;
Ewait_0 .event/or E_0x556a7e95a7a0, E_0x0;
    %wait Ewait_0;
    %load/vec4 v0x556a7e9b5830_0;
    %store/vec4 v0x556a7e9b5c50_0, 0, 4;
    %load/vec4 v0x556a7e9b5830_0;
    %dup/vec4;
    %pushi/vec4 0, 0, 4;
    %cmp/u;
    %jmp/1 T_4.0, 6;
    %dup/vec4;
    %pushi/vec4 1, 0, 4;
    %cmp/u;
    %jmp/1 T_4.1, 6;
    %dup/vec4;
    %pushi/vec4 2, 0, 4;
    %cmp/u;
    %jmp/1 T_4.2, 6;
    %dup/vec4;
    %pushi/vec4 3, 0, 4;
    %cmp/u;
    %jmp/1 T_4.3, 6;
    %dup/vec4;
    %pushi/vec4 4, 0, 4;
    %cmp/u;
    %jmp/1 T_4.4, 6;
    %dup/vec4;
    %pushi/vec4 5, 0, 4;
    %cmp/u;
    %jmp/1 T_4.5, 6;
    %dup/vec4;
    %pushi/vec4 6, 0, 4;
    %cmp/u;
    %jmp/1 T_4.6, 6;
    %dup/vec4;
    %pushi/vec4 7, 0, 4;
    %cmp/u;
    %jmp/1 T_4.7, 6;
    %dup/vec4;
    %pushi/vec4 8, 0, 4;
    %cmp/u;
    %jmp/1 T_4.8, 6;
    %pushi/vec4 0, 0, 4;
    %store/vec4 v0x556a7e9b5c50_0, 0, 4;
    %jmp T_4.10;
T_4.0 ;
    %load/vec4 v0x556a7e9b5ed0_0;
    %flag_set/vec4 8;
    %jmp/0xz  T_4.11, 8;
    %pushi/vec4 1, 0, 4;
    %store/vec4 v0x556a7e9b5c50_0, 0, 4;
    %jmp T_4.12;
T_4.11 ;
    %load/vec4 v0x556a7e9b6110_0;
    %flag_set/vec4 8;
    %jmp/0xz  T_4.13, 8;
    %pushi/vec4 3, 0, 4;
    %store/vec4 v0x556a7e9b5c50_0, 0, 4;
    %jmp T_4.14;
T_4.13 ;
    %load/vec4 v0x556a7e9b6350_0;
    %flag_set/vec4 8;
    %jmp/0xz  T_4.15, 8;
    %pushi/vec4 5, 0, 4;
    %store/vec4 v0x556a7e9b5c50_0, 0, 4;
    %jmp T_4.16;
T_4.15 ;
    %load/vec4 v0x556a7e9b6590_0;
    %flag_set/vec4 8;
    %jmp/0xz  T_4.17, 8;
    %pushi/vec4 7, 0, 4;
    %store/vec4 v0x556a7e9b5c50_0, 0, 4;
T_4.17 ;
T_4.16 ;
T_4.14 ;
T_4.12 ;
    %jmp T_4.10;
T_4.1 ;
    %load/vec4 v0x556a7e9b59f0_0;
    %flag_set/vec4 8;
    %jmp/0xz  T_4.19, 8;
    %pushi/vec4 2, 0, 4;
    %store/vec4 v0x556a7e9b5c50_0, 0, 4;
T_4.19 ;
    %jmp T_4.10;
T_4.2 ;
    %load/vec4 v0x556a7e9b6a30_0;
    %flag_set/vec4 8;
    %jmp/0xz  T_4.21, 8;
    %pushi/vec4 0, 0, 4;
    %store/vec4 v0x556a7e9b5c50_0, 0, 4;
T_4.21 ;
    %jmp T_4.10;
T_4.3 ;
    %load/vec4 v0x556a7e9b59f0_0;
    %flag_set/vec4 8;
    %jmp/0xz  T_4.23, 8;
    %pushi/vec4 4, 0, 4;
    %store/vec4 v0x556a7e9b5c50_0, 0, 4;
T_4.23 ;
    %jmp T_4.10;
T_4.4 ;
    %load/vec4 v0x556a7e9b6a30_0;
    %flag_set/vec4 8;
    %jmp/0xz  T_4.25, 8;
    %pushi/vec4 0, 0, 4;
    %store/vec4 v0x556a7e9b5c50_0, 0, 4;
T_4.25 ;
    %jmp T_4.10;
T_4.5 ;
    %load/vec4 v0x556a7e9b59f0_0;
    %flag_set/vec4 8;
    %jmp/0xz  T_4.27, 8;
    %pushi/vec4 6, 0, 4;
    %store/vec4 v0x556a7e9b5c50_0, 0, 4;
T_4.27 ;
    %jmp T_4.10;
T_4.6 ;
    %load/vec4 v0x556a7e9b6a30_0;
    %flag_set/vec4 8;
    %jmp/0xz  T_4.29, 8;
    %pushi/vec4 0, 0, 4;
    %store/vec4 v0x556a7e9b5c50_0, 0, 4;
T_4.29 ;
    %jmp T_4.10;
T_4.7 ;
    %load/vec4 v0x556a7e9b59f0_0;
    %flag_set/vec4 8;
    %jmp/0xz  T_4.31, 8;
    %pushi/vec4 8, 0, 4;
    %store/vec4 v0x556a7e9b5c50_0, 0, 4;
T_4.31 ;
    %jmp T_4.10;
T_4.8 ;
    %load/vec4 v0x556a7e9b6a30_0;
    %flag_set/vec4 8;
    %jmp/0xz  T_4.33, 8;
    %pushi/vec4 0, 0, 4;
    %store/vec4 v0x556a7e9b5c50_0, 0, 4;
T_4.33 ;
    %jmp T_4.10;
T_4.10 ;
    %pop/vec4 1;
    %jmp T_4;
    .thread T_4, $push;
    .scope S_0x556a7e9b3740;
T_5 ;
Ewait_1 .event/or E_0x556a7e93ac70, E_0x0;
    %wait Ewait_1;
    %load/vec4 v0x556a7e9b5910_0;
    %store/vec4 v0x556a7e9b5b70_0, 0, 2;
    %pushi/vec4 0, 0, 1;
    %store/vec4 v0x556a7e9b59f0_0, 0, 1;
    %load/vec4 v0x556a7e9b5910_0;
    %dup/vec4;
    %pushi/vec4 0, 0, 2;
    %cmp/u;
    %jmp/1 T_5.0, 6;
    %dup/vec4;
    %pushi/vec4 1, 0, 2;
    %cmp/u;
    %jmp/1 T_5.1, 6;
    %dup/vec4;
    %pushi/vec4 2, 0, 2;
    %cmp/u;
    %jmp/1 T_5.2, 6;
    %dup/vec4;
    %pushi/vec4 3, 0, 2;
    %cmp/u;
    %jmp/1 T_5.3, 6;
    %pushi/vec4 0, 0, 2;
    %store/vec4 v0x556a7e9b5b70_0, 0, 2;
    %jmp T_5.5;
T_5.0 ;
    %load/vec4 v0x556a7e9b67d0_0;
    %flag_set/vec4 8;
    %jmp/0xz  T_5.6, 8;
    %pushi/vec4 1, 0, 2;
    %store/vec4 v0x556a7e9b5b70_0, 0, 2;
T_5.6 ;
    %jmp T_5.5;
T_5.1 ;
    %pushi/vec4 2, 0, 2;
    %store/vec4 v0x556a7e9b5b70_0, 0, 2;
    %jmp T_5.5;
T_5.2 ;
    %pushi/vec4 3, 0, 2;
    %store/vec4 v0x556a7e9b5b70_0, 0, 2;
    %jmp T_5.5;
T_5.3 ;
    %pushi/vec4 1, 0, 1;
    %store/vec4 v0x556a7e9b59f0_0, 0, 1;
    %pushi/vec4 0, 0, 2;
    %store/vec4 v0x556a7e9b5b70_0, 0, 2;
    %jmp T_5.5;
T_5.5 ;
    %pop/vec4 1;
    %jmp T_5;
    .thread T_5, $push;
    .scope S_0x556a7e9b3740;
T_6 ;
Ewait_2 .event/or E_0x556a7e93adf0, E_0x0;
    %wait Ewait_2;
    %pushi/vec4 0, 0, 1;
    %store/vec4 v0x556a7e9b56b0_0, 0, 1;
    %load/vec4 v0x556a7e9b5830_0;
    %cmpi/e 2, 0, 4;
    %jmp/0xz  T_6.0, 4;
    %load/vec4 v0x556a7e9b5f90_0;
    %store/vec4 v0x556a7e9b56b0_0, 0, 1;
    %jmp T_6.1;
T_6.0 ;
    %load/vec4 v0x556a7e9b5830_0;
    %cmpi/e 4, 0, 4;
    %jmp/0xz  T_6.2, 4;
    %load/vec4 v0x556a7e9b61d0_0;
    %store/vec4 v0x556a7e9b56b0_0, 0, 1;
    %jmp T_6.3;
T_6.2 ;
    %load/vec4 v0x556a7e9b5830_0;
    %cmpi/e 6, 0, 4;
    %jmp/0xz  T_6.4, 4;
    %load/vec4 v0x556a7e9b6410_0;
    %store/vec4 v0x556a7e9b56b0_0, 0, 1;
    %jmp T_6.5;
T_6.4 ;
    %load/vec4 v0x556a7e9b5830_0;
    %cmpi/e 8, 0, 4;
    %jmp/0xz  T_6.6, 4;
    %load/vec4 v0x556a7e9b6650_0;
    %store/vec4 v0x556a7e9b56b0_0, 0, 1;
T_6.6 ;
T_6.5 ;
T_6.3 ;
T_6.1 ;
    %jmp T_6;
    .thread T_6, $push;
    .scope S_0x556a7e9b3740;
T_7 ;
Ewait_3 .event/or E_0x556a7e95a990, E_0x0;
    %wait Ewait_3;
    %load/vec4 v0x556a7e9b6950_0;
    %store/vec4 v0x556a7e9b5d30_0, 0, 2;
    %pushi/vec4 0, 0, 1;
    %store/vec4 v0x556a7e9b6a30_0, 0, 1;
    %load/vec4 v0x556a7e9b6950_0;
    %dup/vec4;
    %pushi/vec4 0, 0, 2;
    %cmp/u;
    %jmp/1 T_7.0, 6;
    %dup/vec4;
    %pushi/vec4 1, 0, 2;
    %cmp/u;
    %jmp/1 T_7.1, 6;
    %dup/vec4;
    %pushi/vec4 2, 0, 2;
    %cmp/u;
    %jmp/1 T_7.2, 6;
    %dup/vec4;
    %pushi/vec4 3, 0, 2;
    %cmp/u;
    %jmp/1 T_7.3, 6;
    %pushi/vec4 0, 0, 2;
    %store/vec4 v0x556a7e9b5d30_0, 0, 2;
    %jmp T_7.5;
T_7.0 ;
    %load/vec4 v0x556a7e9b6890_0;
    %flag_set/vec4 8;
    %jmp/0xz  T_7.6, 8;
    %pushi/vec4 1, 0, 2;
    %store/vec4 v0x556a7e9b5d30_0, 0, 2;
T_7.6 ;
    %jmp T_7.5;
T_7.1 ;
    %pushi/vec4 2, 0, 2;
    %store/vec4 v0x556a7e9b5d30_0, 0, 2;
    %jmp T_7.5;
T_7.2 ;
    %load/vec4 v0x556a7e9b56b0_0;
    %cmpi/e 1, 0, 1;
    %jmp/0xz  T_7.8, 4;
    %pushi/vec4 3, 0, 2;
    %store/vec4 v0x556a7e9b5d30_0, 0, 2;
    %jmp T_7.9;
T_7.8 ;
    %pushi/vec4 2, 0, 2;
    %store/vec4 v0x556a7e9b5d30_0, 0, 2;
T_7.9 ;
    %jmp T_7.5;
T_7.3 ;
    %pushi/vec4 1, 0, 1;
    %store/vec4 v0x556a7e9b6a30_0, 0, 1;
    %pushi/vec4 0, 0, 2;
    %store/vec4 v0x556a7e9b5d30_0, 0, 2;
    %jmp T_7.5;
T_7.5 ;
    %pop/vec4 1;
    %jmp T_7;
    .thread T_7, $push;
    .scope S_0x556a7e903550;
T_8 ;
    %pushi/vec4 0, 0, 1;
    %store/vec4 v0x556a7e9b6cd0_0, 0, 1;
T_8.0 ;
    %delay 100, 0;
    %load/vec4 v0x556a7e9b6cd0_0;
    %inv;
    %store/vec4 v0x556a7e9b6cd0_0, 0, 1;
    %jmp T_8.0;
T_8.1 ;
    %end;
    .thread T_8;
    .scope S_0x556a7e903550;
T_9 ;
    %vpi_call/w 3 45 "$dumpfile", "robot.vcd" {0 0 0};
    %vpi_call/w 3 46 "$dumpvars", 32'sb00000000000000000000000000000000, S_0x556a7e903550 {0 0 0};
    %pushi/vec4 0, 0, 1;
    %store/vec4 v0x556a7e9b6cd0_0, 0, 1;
    %pushi/vec4 0, 0, 1;
    %store/vec4 v0x556a7e9b6ef0_0, 0, 1;
    %pushi/vec4 0, 0, 1;
    %store/vec4 v0x556a7e9b6f90_0, 0, 1;
    %pushi/vec4 0, 0, 1;
    %store/vec4 v0x556a7e9b7210_0, 0, 1;
    %pushi/vec4 0, 0, 1;
    %store/vec4 v0x556a7e9b7490_0, 0, 1;
    %pushi/vec4 0, 0, 1;
    %store/vec4 v0x556a7e9b7710_0, 0, 1;
    %pushi/vec4 0, 0, 1;
    %store/vec4 v0x556a7e9b7030_0, 0, 1;
    %pushi/vec4 0, 0, 1;
    %store/vec4 v0x556a7e9b72b0_0, 0, 1;
    %pushi/vec4 0, 0, 1;
    %store/vec4 v0x556a7e9b7530_0, 0, 1;
    %pushi/vec4 0, 0, 1;
    %store/vec4 v0x556a7e9b77e0_0, 0, 1;
    %pushi/vec4 2, 0, 32;
T_9.0 %dup/vec4;
    %cmpi/s 0, 0, 32;
    %jmp/1xz T_9.1, 5;
    %jmp/1 T_9.1, 4;
    %subi 1, 0, 32;
    %wait E_0x556a7e959b60;
    %jmp T_9.0;
T_9.1 ;
    %pop/vec4 1;
    %delay 10, 0;
    %pushi/vec4 1, 0, 1;
    %store/vec4 v0x556a7e9b6ef0_0, 0, 1;
    %pushi/vec4 4, 0, 32;
T_9.2 %dup/vec4;
    %cmpi/s 0, 0, 32;
    %jmp/1xz T_9.3, 5;
    %jmp/1 T_9.3, 4;
    %subi 1, 0, 32;
    %wait E_0x556a7e959b60;
    %jmp T_9.2;
T_9.3 ;
    %pop/vec4 1;
    %vpi_call/w 3 60 "$display", "Iniciando Bateria de Testes Manuais..." {0 0 0};
    %vpi_call/w 3 63 "$display", "[Tempo: %0t] CASO 1: Injetando pedido na Estacao 0...", $time {0 0 0};
    %wait E_0x556a7e959b60;
    %delay 10, 0;
    %pushi/vec4 1, 0, 1;
    %assign/vec4 v0x556a7e9b6f90_0, 0;
T_9.4 ;
    %load/vec4 v0x556a7e9b70d0_0;
    %cmpi/ne 1, 0, 1;
    %jmp/0xz T_9.5, 6;
    %wait E_0x556a7e959a40;
    %jmp T_9.4;
T_9.5 ;
    %pushi/vec4 0, 0, 1;
    %assign/vec4 v0x556a7e9b6f90_0, 0;
    %pushi/vec4 20, 0, 32;
T_9.6 %dup/vec4;
    %cmpi/s 0, 0, 32;
    %jmp/1xz T_9.7, 5;
    %jmp/1 T_9.7, 4;
    %subi 1, 0, 32;
    %wait E_0x556a7e959b60;
    %jmp T_9.6;
T_9.7 ;
    %pop/vec4 1;
    %pushi/vec4 1, 0, 1;
    %assign/vec4 v0x556a7e9b7030_0, 0;
T_9.8 ;
    %load/vec4 v0x556a7e9b70d0_0;
    %nor/r;
    %cmpi/ne 1, 0, 1;
    %jmp/0xz T_9.9, 6;
    %wait E_0x556a7e959a40;
    %jmp T_9.8;
T_9.9 ;
    %wait E_0x556a7e959b60;
    %delay 10, 0;
    %pushi/vec4 0, 0, 1;
    %assign/vec4 v0x556a7e9b7030_0, 0;
    %pushi/vec4 15, 0, 32;
T_9.10 %dup/vec4;
    %cmpi/s 0, 0, 32;
    %jmp/1xz T_9.11, 5;
    %jmp/1 T_9.11, 4;
    %subi 1, 0, 32;
    %wait E_0x556a7e959b60;
    %jmp T_9.10;
T_9.11 ;
    %pop/vec4 1;
    %vpi_call/w 3 80 "$display", "[Tempo: %0t] CASO 2: Injetando pedido na Estacao 1...", $time {0 0 0};
    %wait E_0x556a7e959b60;
    %delay 10, 0;
    %pushi/vec4 1, 0, 1;
    %assign/vec4 v0x556a7e9b7210_0, 0;
T_9.12 ;
    %load/vec4 v0x556a7e9b7350_0;
    %cmpi/ne 1, 0, 1;
    %jmp/0xz T_9.13, 6;
    %wait E_0x556a7e959aa0;
    %jmp T_9.12;
T_9.13 ;
    %pushi/vec4 0, 0, 1;
    %assign/vec4 v0x556a7e9b7210_0, 0;
    %pushi/vec4 35, 0, 32;
T_9.14 %dup/vec4;
    %cmpi/s 0, 0, 32;
    %jmp/1xz T_9.15, 5;
    %jmp/1 T_9.15, 4;
    %subi 1, 0, 32;
    %wait E_0x556a7e959b60;
    %jmp T_9.14;
T_9.15 ;
    %pop/vec4 1;
    %pushi/vec4 1, 0, 1;
    %assign/vec4 v0x556a7e9b72b0_0, 0;
T_9.16 ;
    %load/vec4 v0x556a7e9b7350_0;
    %nor/r;
    %cmpi/ne 1, 0, 1;
    %jmp/0xz T_9.17, 6;
    %wait E_0x556a7e959aa0;
    %jmp T_9.16;
T_9.17 ;
    %wait E_0x556a7e959b60;
    %delay 10, 0;
    %pushi/vec4 0, 0, 1;
    %assign/vec4 v0x556a7e9b72b0_0, 0;
    %pushi/vec4 15, 0, 32;
T_9.18 %dup/vec4;
    %cmpi/s 0, 0, 32;
    %jmp/1xz T_9.19, 5;
    %jmp/1 T_9.19, 4;
    %subi 1, 0, 32;
    %wait E_0x556a7e959b60;
    %jmp T_9.18;
T_9.19 ;
    %pop/vec4 1;
    %vpi_call/w 3 98 "$display", "[Tempo: %0t] CASO 3: Injetando S2 e S3 juntos (Teste de Prioridade)...", $time {0 0 0};
    %wait E_0x556a7e959b60;
    %delay 10, 0;
    %pushi/vec4 1, 0, 1;
    %assign/vec4 v0x556a7e9b7490_0, 0;
    %pushi/vec4 1, 0, 1;
    %assign/vec4 v0x556a7e9b7710_0, 0;
    %vpi_call/w 3 105 "$display", "[Tempo: %0t] CASO 3: Injetando S2 e S3 juntos (Teste de Prioridade)...", $time {0 0 0};
    %wait E_0x556a7e959b60;
    %delay 10, 0;
    %pushi/vec4 1, 0, 1;
    %assign/vec4 v0x556a7e9b7490_0, 0;
    %pushi/vec4 1, 0, 1;
    %assign/vec4 v0x556a7e9b7710_0, 0;
T_9.20 ;
    %load/vec4 v0x556a7e9b75d0_0;
    %cmpi/ne 1, 0, 1;
    %jmp/0xz T_9.21, 6;
    %wait E_0x556a7e959ae0;
    %jmp T_9.20;
T_9.21 ;
    %pushi/vec4 0, 0, 1;
    %assign/vec4 v0x556a7e9b7490_0, 0;
    %pushi/vec4 20, 0, 32;
T_9.22 %dup/vec4;
    %cmpi/s 0, 0, 32;
    %jmp/1xz T_9.23, 5;
    %jmp/1 T_9.23, 4;
    %subi 1, 0, 32;
    %wait E_0x556a7e959b60;
    %jmp T_9.22;
T_9.23 ;
    %pop/vec4 1;
    %pushi/vec4 1, 0, 1;
    %assign/vec4 v0x556a7e9b7530_0, 0;
T_9.24 ;
    %load/vec4 v0x556a7e9b75d0_0;
    %nor/r;
    %cmpi/ne 1, 0, 1;
    %jmp/0xz T_9.25, 6;
    %wait E_0x556a7e959ae0;
    %jmp T_9.24;
T_9.25 ;
    %wait E_0x556a7e959b60;
    %delay 10, 0;
    %pushi/vec4 0, 0, 1;
    %assign/vec4 v0x556a7e9b7530_0, 0;
T_9.26 ;
    %load/vec4 v0x556a7e9b78b0_0;
    %cmpi/ne 1, 0, 1;
    %jmp/0xz T_9.27, 6;
    %wait E_0x556a7e959b20;
    %jmp T_9.26;
T_9.27 ;
    %pushi/vec4 0, 0, 1;
    %assign/vec4 v0x556a7e9b7710_0, 0;
    %pushi/vec4 20, 0, 32;
T_9.28 %dup/vec4;
    %cmpi/s 0, 0, 32;
    %jmp/1xz T_9.29, 5;
    %jmp/1 T_9.29, 4;
    %subi 1, 0, 32;
    %wait E_0x556a7e959b60;
    %jmp T_9.28;
T_9.29 ;
    %pop/vec4 1;
    %pushi/vec4 1, 0, 1;
    %assign/vec4 v0x556a7e9b77e0_0, 0;
T_9.30 ;
    %load/vec4 v0x556a7e9b78b0_0;
    %nor/r;
    %cmpi/ne 1, 0, 1;
    %jmp/0xz T_9.31, 6;
    %wait E_0x556a7e959b20;
    %jmp T_9.30;
T_9.31 ;
    %wait E_0x556a7e959b60;
    %delay 10, 0;
    %pushi/vec4 0, 0, 1;
    %assign/vec4 v0x556a7e9b77e0_0, 0;
    %pushi/vec4 15, 0, 32;
T_9.32 %dup/vec4;
    %cmpi/s 0, 0, 32;
    %jmp/1xz T_9.33, 5;
    %jmp/1 T_9.33, 4;
    %subi 1, 0, 32;
    %wait E_0x556a7e959b60;
    %jmp T_9.32;
T_9.33 ;
    %pop/vec4 1;
    %vpi_call/w 3 136 "$display", "Iniciando Regressao com 20 Testes Aleatorios (CRV)..." {0 0 0};
    %pushi/vec4 0, 0, 32;
    %store/vec4 v0x556a7e9b6d90_0, 0, 32;
T_9.34 ; Top of for-loop
    %load/vec4 v0x556a7e9b6d90_0;
    %cmpi/s 20, 0, 32;
	  %jmp/0xz T_9.35, 5;
    %vpi_func 3 139 "$urandom_range" 32, 32'sb00000000000000000000000000000011, 32'sb00000000000000000000000000001111 {0 0 0};
    %store/vec4 v0x556a7e9b7a20_0, 0, 32;
    %alloc S_0x556a7e9b34e0;
    %vpi_func 3 140 "$urandom_range" 32, 32'sb00000000000000000000000000000000, 32'sb00000000000000000000000000000011 {0 0 0};
    %store/vec4 v0x556a7e990b70_0, 0, 32;
    %load/vec4 v0x556a7e9b7a20_0;
    %store/vec4 v0x556a7e991270_0, 0, 32;
    %fork TD_robot_model_tb.envia_pedido, S_0x556a7e9b34e0;
    %join;
    %free S_0x556a7e9b34e0;
T_9.36 ; for-loop step statement
    %load/vec4 v0x556a7e9b6d90_0;
    %addi 1, 0, 32;
    %store/vec4 v0x556a7e9b6d90_0, 0, 32;
    %jmp T_9.34;
T_9.35 ; for-loop exit label
    %vpi_call/w 3 143 "$display", "SIMULACAO CONCLUIDA COM SUCESSO!" {0 0 0};
    %vpi_call/w 3 144 "$display", "Todos os testes passaram." {0 0 0};
    %delay 5000, 0;
    %vpi_call/w 3 145 "$finish" {0 0 0};
    %end;
    .thread T_9;
    .scope S_0x556a7e903550;
T_10 ;
    %wait E_0x556a7e959b60;
    %load/vec4 v0x556a7e9b6ef0_0;
    %nor/r;
    %flag_set/vec4 8;
    %jmp/0xz  T_10.0, 8;
    %pushi/vec4 0, 0, 1;
    %assign/vec4 v0x556a7e9b7170_0, 0;
    %pushi/vec4 0, 0, 1;
    %assign/vec4 v0x556a7e9b73f0_0, 0;
    %pushi/vec4 0, 0, 1;
    %assign/vec4 v0x556a7e9b7670_0, 0;
    %pushi/vec4 0, 0, 1;
    %assign/vec4 v0x556a7e9b7980_0, 0;
    %jmp T_10.1;
T_10.0 ;
    %load/vec4 v0x556a7e9b70d0_0;
    %assign/vec4 v0x556a7e9b7170_0, 0;
    %load/vec4 v0x556a7e9b7350_0;
    %assign/vec4 v0x556a7e9b73f0_0, 0;
    %load/vec4 v0x556a7e9b75d0_0;
    %assign/vec4 v0x556a7e9b7670_0, 0;
    %load/vec4 v0x556a7e9b78b0_0;
    %assign/vec4 v0x556a7e9b7980_0, 0;
T_10.1 ;
    %jmp T_10;
    .thread T_10;
    .scope S_0x556a7e903550;
T_11 ;
    %wait E_0x556a7e959b60;
    %load/vec4 v0x556a7e9b6ef0_0;
    %cmpi/e 1, 0, 1;
    %jmp/0xz  T_11.0, 4;
    %delay 10, 0;
    %fork t_1, S_0x556a7e903550;
    %fork t_2, S_0x556a7e903550;
    %fork t_3, S_0x556a7e903550;
    %fork t_4, S_0x556a7e903550;
    %fork t_5, S_0x556a7e903550;
    %join/detach 5;
    %jmp t_0;
t_1 ;
    %alloc S_0x556a7e9036e0;
    %load/vec4 v0x556a7e9b70d0_0;
    %store/vec4 v0x556a7e98c680_0, 0, 1;
    %load/vec4 v0x556a7e9b7350_0;
    %store/vec4 v0x556a7e98ca70_0, 0, 1;
    %load/vec4 v0x556a7e9b75d0_0;
    %store/vec4 v0x556a7e98d5f0_0, 0, 1;
    %load/vec4 v0x556a7e9b78b0_0;
    %store/vec4 v0x556a7e98da20_0, 0, 1;
    %fork TD_robot_model_tb.check_exclusividade, S_0x556a7e9036e0;
    %join;
    %free S_0x556a7e9036e0;
    %end;
t_2 ;
    %alloc S_0x556a7e9b3260;
    %pushi/vec4 0, 0, 32;
    %store/vec4 v0x556a7e98f9d0_0, 0, 32;
    %load/vec4 v0x556a7e9b7170_0;
    %store/vec4 v0x556a7e98fe80_0, 0, 1;
    %load/vec4 v0x556a7e9b70d0_0;
    %store/vec4 v0x556a7e98e590_0, 0, 1;
    %load/vec4 v0x556a7e9b7030_0;
    %store/vec4 v0x556a7e98ea20_0, 0, 1;
    %fork TD_robot_model_tb.check_handshake, S_0x556a7e9b3260;
    %join;
    %free S_0x556a7e9b3260;
    %end;
t_3 ;
    %alloc S_0x556a7e9b3260;
    %pushi/vec4 1, 0, 32;
    %store/vec4 v0x556a7e98f9d0_0, 0, 32;
    %load/vec4 v0x556a7e9b73f0_0;
    %store/vec4 v0x556a7e98fe80_0, 0, 1;
    %load/vec4 v0x556a7e9b7350_0;
    %store/vec4 v0x556a7e98e590_0, 0, 1;
    %load/vec4 v0x556a7e9b72b0_0;
    %store/vec4 v0x556a7e98ea20_0, 0, 1;
    %fork TD_robot_model_tb.check_handshake, S_0x556a7e9b3260;
    %join;
    %free S_0x556a7e9b3260;
    %end;
t_4 ;
    %alloc S_0x556a7e9b3260;
    %pushi/vec4 2, 0, 32;
    %store/vec4 v0x556a7e98f9d0_0, 0, 32;
    %load/vec4 v0x556a7e9b7670_0;
    %store/vec4 v0x556a7e98fe80_0, 0, 1;
    %load/vec4 v0x556a7e9b75d0_0;
    %store/vec4 v0x556a7e98e590_0, 0, 1;
    %load/vec4 v0x556a7e9b7530_0;
    %store/vec4 v0x556a7e98ea20_0, 0, 1;
    %fork TD_robot_model_tb.check_handshake, S_0x556a7e9b3260;
    %join;
    %free S_0x556a7e9b3260;
    %end;
t_5 ;
    %alloc S_0x556a7e9b3260;
    %pushi/vec4 3, 0, 32;
    %store/vec4 v0x556a7e98f9d0_0, 0, 32;
    %load/vec4 v0x556a7e9b7980_0;
    %store/vec4 v0x556a7e98fe80_0, 0, 1;
    %load/vec4 v0x556a7e9b78b0_0;
    %store/vec4 v0x556a7e98e590_0, 0, 1;
    %load/vec4 v0x556a7e9b77e0_0;
    %store/vec4 v0x556a7e98ea20_0, 0, 1;
    %fork TD_robot_model_tb.check_handshake, S_0x556a7e9b3260;
    %join;
    %free S_0x556a7e9b3260;
    %end;
    .scope S_0x556a7e903550;
t_0 ;
T_11.0 ;
    %jmp T_11;
    .thread T_11;
# The file index is used to find the file name in the following table.
:file_names 5;
    "N/A";
    "<interactive>";
    "-";
    "./robot_model_tb.sv";
    "../rtl/robot_model.sv";
