#! /usr/bin/vvp
:ivl_version "12.0 (stable)";
:ivl_delay_selection "TYPICAL";
:vpi_time_precision + 0;
:vpi_module "/usr/lib64/ivl/system.vpi";
:vpi_module "/usr/lib64/ivl/vhdl_sys.vpi";
:vpi_module "/usr/lib64/ivl/vhdl_textio.vpi";
:vpi_module "/usr/lib64/ivl/v2005_math.vpi";
:vpi_module "/usr/lib64/ivl/va_math.vpi";
:vpi_module "/usr/lib64/ivl/v2009.vpi";
S_0x560729e7c970 .scope package, "$unit" "$unit" 2 1;
 .timescale 0 0;
S_0x560729e92990 .scope module, "demux_top" "demux_top" 3 60;
 .timescale 0 0;
v0x560729eb04f0_0 .var "clk", 0 0;
v0x560729eb05b0_0 .var "din", 0 0;
v0x560729eb0650_0 .net "dout", 7 0, v0x560729e7f790_0;  1 drivers
v0x560729eb06f0_0 .var "en", 0 0;
v0x560729eb0790_0 .var "prev_in", 0 0;
v0x560729eb0880_0 .var "prev_sel", 2 0;
v0x560729eb0920_0 .var "rstn", 0 0;
v0x560729eb09c0_0 .var "sel", 2 0;
E_0x560729e8bae0 .event posedge, v0x560729e7db30_0;
S_0x560729e92b20 .scope module, "dut" "demux1x8" 3 69, 4 14 0, S_0x560729e92990;
 .timescale 0 0;
    .port_info 0 /INPUT 1 "clk";
    .port_info 1 /INPUT 1 "rstn";
    .port_info 2 /INPUT 1 "en";
    .port_info 3 /INPUT 3 "sel";
    .port_info 4 /INPUT 1 "din";
    .port_info 5 /OUTPUT 8 "dout";
v0x560729e7db30_0 .net "clk", 0 0, v0x560729eb04f0_0;  1 drivers
v0x560729e7ef10_0 .net "din", 0 0, v0x560729eb05b0_0;  1 drivers
v0x560729e7f790_0 .var "dout", 7 0;
v0x560729eb0180_0 .net "en", 0 0, v0x560729eb06f0_0;  1 drivers
v0x560729eb0240_0 .net "rstn", 0 0, v0x560729eb0920_0;  1 drivers
v0x560729eb0350_0 .net "sel", 2 0, v0x560729eb09c0_0;  1 drivers
E_0x560729e76770/0 .event negedge, v0x560729eb0240_0;
E_0x560729e76770/1 .event posedge, v0x560729e7db30_0;
E_0x560729e76770 .event/or E_0x560729e76770/0, E_0x560729e76770/1;
    .scope S_0x560729e92b20;
T_0 ;
    %wait E_0x560729e76770;
    %load/vec4 v0x560729eb0240_0;
    %nor/r;
    %flag_set/vec4 8;
    %jmp/0xz  T_0.0, 8;
    %pushi/vec4 0, 0, 8;
    %store/vec4 v0x560729e7f790_0, 0, 8;
    %jmp T_0.1;
T_0.0 ;
    %load/vec4 v0x560729eb0180_0;
    %flag_set/vec4 8;
    %jmp/0xz  T_0.2, 8;
    %load/vec4 v0x560729eb0350_0;
    %dup/vec4;
    %pushi/vec4 0, 0, 3;
    %cmp/u;
    %jmp/1 T_0.4, 6;
    %dup/vec4;
    %pushi/vec4 1, 0, 3;
    %cmp/u;
    %jmp/1 T_0.5, 6;
    %dup/vec4;
    %pushi/vec4 2, 0, 3;
    %cmp/u;
    %jmp/1 T_0.6, 6;
    %dup/vec4;
    %pushi/vec4 3, 0, 3;
    %cmp/u;
    %jmp/1 T_0.7, 6;
    %dup/vec4;
    %pushi/vec4 4, 0, 3;
    %cmp/u;
    %jmp/1 T_0.8, 6;
    %dup/vec4;
    %pushi/vec4 5, 0, 3;
    %cmp/u;
    %jmp/1 T_0.9, 6;
    %dup/vec4;
    %pushi/vec4 6, 0, 3;
    %cmp/u;
    %jmp/1 T_0.10, 6;
    %dup/vec4;
    %pushi/vec4 7, 0, 3;
    %cmp/u;
    %jmp/1 T_0.11, 6;
    %jmp T_0.12;
T_0.4 ;
    %load/vec4 v0x560729e7ef10_0;
    %ix/load 4, 0, 0;
    %flag_set/imm 4, 0;
    %store/vec4 v0x560729e7f790_0, 4, 1;
    %pushi/vec4 0, 0, 7;
    %ix/load 4, 1, 0;
    %flag_set/imm 4, 0;
    %store/vec4 v0x560729e7f790_0, 4, 7;
    %jmp T_0.12;
T_0.5 ;
    %load/vec4 v0x560729e7ef10_0;
    %ix/load 4, 1, 0;
    %flag_set/imm 4, 0;
    %store/vec4 v0x560729e7f790_0, 4, 1;
    %pushi/vec4 0, 0, 1;
    %ix/load 4, 0, 0;
    %flag_set/imm 4, 0;
    %store/vec4 v0x560729e7f790_0, 4, 1;
    %pushi/vec4 0, 0, 6;
    %ix/load 4, 2, 0;
    %flag_set/imm 4, 0;
    %store/vec4 v0x560729e7f790_0, 4, 6;
    %jmp T_0.12;
T_0.6 ;
    %load/vec4 v0x560729e7ef10_0;
    %ix/load 4, 2, 0;
    %flag_set/imm 4, 0;
    %store/vec4 v0x560729e7f790_0, 4, 1;
    %pushi/vec4 0, 0, 2;
    %ix/load 4, 0, 0;
    %flag_set/imm 4, 0;
    %store/vec4 v0x560729e7f790_0, 4, 2;
    %pushi/vec4 0, 0, 5;
    %ix/load 4, 3, 0;
    %flag_set/imm 4, 0;
    %store/vec4 v0x560729e7f790_0, 4, 5;
    %jmp T_0.12;
T_0.7 ;
    %load/vec4 v0x560729e7ef10_0;
    %ix/load 4, 3, 0;
    %flag_set/imm 4, 0;
    %store/vec4 v0x560729e7f790_0, 4, 1;
    %pushi/vec4 0, 0, 3;
    %ix/load 4, 0, 0;
    %flag_set/imm 4, 0;
    %store/vec4 v0x560729e7f790_0, 4, 3;
    %pushi/vec4 0, 0, 4;
    %ix/load 4, 4, 0;
    %flag_set/imm 4, 0;
    %store/vec4 v0x560729e7f790_0, 4, 4;
    %jmp T_0.12;
T_0.8 ;
    %load/vec4 v0x560729e7ef10_0;
    %ix/load 4, 4, 0;
    %flag_set/imm 4, 0;
    %store/vec4 v0x560729e7f790_0, 4, 1;
    %pushi/vec4 0, 0, 4;
    %ix/load 4, 0, 0;
    %flag_set/imm 4, 0;
    %store/vec4 v0x560729e7f790_0, 4, 4;
    %pushi/vec4 0, 0, 3;
    %ix/load 4, 5, 0;
    %flag_set/imm 4, 0;
    %store/vec4 v0x560729e7f790_0, 4, 3;
    %jmp T_0.12;
T_0.9 ;
    %load/vec4 v0x560729e7ef10_0;
    %ix/load 4, 5, 0;
    %flag_set/imm 4, 0;
    %store/vec4 v0x560729e7f790_0, 4, 1;
    %pushi/vec4 0, 0, 5;
    %ix/load 4, 0, 0;
    %flag_set/imm 4, 0;
    %store/vec4 v0x560729e7f790_0, 4, 5;
    %pushi/vec4 0, 0, 2;
    %ix/load 4, 6, 0;
    %flag_set/imm 4, 0;
    %store/vec4 v0x560729e7f790_0, 4, 2;
    %jmp T_0.12;
T_0.10 ;
    %load/vec4 v0x560729e7ef10_0;
    %ix/load 4, 6, 0;
    %flag_set/imm 4, 0;
    %store/vec4 v0x560729e7f790_0, 4, 1;
    %pushi/vec4 0, 0, 6;
    %ix/load 4, 0, 0;
    %flag_set/imm 4, 0;
    %store/vec4 v0x560729e7f790_0, 4, 6;
    %pushi/vec4 0, 0, 1;
    %ix/load 4, 7, 0;
    %flag_set/imm 4, 0;
    %store/vec4 v0x560729e7f790_0, 4, 1;
    %jmp T_0.12;
T_0.11 ;
    %load/vec4 v0x560729e7ef10_0;
    %ix/load 4, 7, 0;
    %flag_set/imm 4, 0;
    %store/vec4 v0x560729e7f790_0, 4, 1;
    %pushi/vec4 0, 0, 7;
    %ix/load 4, 0, 0;
    %flag_set/imm 4, 0;
    %store/vec4 v0x560729e7f790_0, 4, 7;
    %jmp T_0.12;
T_0.12 ;
    %pop/vec4 1;
T_0.2 ;
T_0.1 ;
    %jmp T_0;
    .thread T_0;
    .scope S_0x560729e92990;
T_1 ;
    %delay 5, 0;
    %load/vec4 v0x560729eb04f0_0;
    %inv;
    %store/vec4 v0x560729eb04f0_0, 0, 1;
    %jmp T_1;
    .thread T_1;
    .scope S_0x560729e92990;
T_2 ;
    %vpi_call/w 3 85 "$dumpfile", "1x8demux.vcd" {0 0 0};
    %vpi_call/w 3 86 "$dumpvars", 32'sb00000000000000000000000000000000, S_0x560729e92990 {0 0 0};
    %pushi/vec4 0, 0, 1;
    %store/vec4 v0x560729eb04f0_0, 0, 1;
    %pushi/vec4 0, 0, 1;
    %store/vec4 v0x560729eb06f0_0, 0, 1;
    %pushi/vec4 0, 0, 1;
    %store/vec4 v0x560729eb0920_0, 0, 1;
    %pushi/vec4 0, 0, 3;
    %store/vec4 v0x560729eb09c0_0, 0, 3;
    %pushi/vec4 0, 0, 1;
    %store/vec4 v0x560729eb05b0_0, 0, 1;
    %pushi/vec4 0, 0, 1;
    %store/vec4 v0x560729eb0790_0, 0, 1;
    %pushi/vec4 0, 0, 3;
    %store/vec4 v0x560729eb0880_0, 0, 3;
    %pushi/vec4 2, 0, 32;
T_2.0 %dup/vec4;
    %pushi/vec4 0, 0, 32;
    %cmp/s;
    %jmp/1xz T_2.1, 5;
    %jmp/1 T_2.1, 4;
    %pushi/vec4 1, 0, 32;
    %sub;
    %wait E_0x560729e8bae0;
    %jmp T_2.0;
T_2.1 ;
    %pop/vec4 1;
    %pushi/vec4 1, 0, 1;
    %store/vec4 v0x560729eb0920_0, 0, 1;
    %pushi/vec4 10, 0, 32;
T_2.2 %dup/vec4;
    %pushi/vec4 0, 0, 32;
    %cmp/s;
    %jmp/1xz T_2.3, 5;
    %jmp/1 T_2.3, 4;
    %pushi/vec4 1, 0, 32;
    %sub;
    %wait E_0x560729e8bae0;
    %delay 1, 0;
    %pushi/vec4 1, 0, 1;
    %store/vec4 v0x560729eb06f0_0, 0, 1;
    %vpi_func 3 104 "$urandom_range" 32, 32'sb00000000000000000000000000000000, 32'sb00000000000000000000000000000001 {0 0 0};
    %pad/u 1;
    %store/vec4 v0x560729eb05b0_0, 0, 1;
    %vpi_func 3 105 "$urandom" 32 {0 0 0};
    %pad/u 3;
    %store/vec4 v0x560729eb09c0_0, 0, 3;
    %wait E_0x560729e8bae0;
    %delay 1, 0;
    %pushi/vec4 0, 0, 1;
    %store/vec4 v0x560729eb06f0_0, 0, 1;
    %jmp T_2.2;
T_2.3 ;
    %pop/vec4 1;
    %delay 500, 0;
    %vpi_call/w 3 112 "$finish" {0 0 0};
    %end;
    .thread T_2;
    .scope S_0x560729e92990;
T_3 ;
    %wait E_0x560729e8bae0;
    %load/vec4 v0x560729eb06f0_0;
    %flag_set/vec4 8;
    %jmp/0xz  T_3.0, 8;
    %load/vec4 v0x560729eb05b0_0;
    %assign/vec4 v0x560729eb0790_0, 0;
    %load/vec4 v0x560729eb09c0_0;
    %assign/vec4 v0x560729eb0880_0, 0;
T_3.0 ;
    %jmp T_3;
    .thread T_3;
    .scope S_0x560729e92990;
T_4 ;
    %wait E_0x560729e8bae0;
    %delay 2, 0;
    %load/vec4 v0x560729eb0920_0;
    %nor/r;
    %flag_set/vec4 8;
    %jmp/0xz  T_4.0, 8;
    %load/vec4 v0x560729eb0650_0;
    %pad/u 32;
    %cmpi/e 0, 0, 32;
    %jmp/0xz  T_4.2, 4;
    %jmp T_4.3;
T_4.2 ;
    %vpi_call/w 3 127 "$error", "Falha no reset. Dout n zerou!" {0 0 0};
T_4.3 ;
    %jmp T_4.1;
T_4.0 ;
    %load/vec4 v0x560729eb06f0_0;
    %flag_set/vec4 8;
    %jmp/0xz  T_4.4, 8;
    %load/vec4 v0x560729eb0650_0;
    %load/vec4 v0x560729eb0880_0;
    %part/u 1;
    %load/vec4 v0x560729eb0790_0;
    %cmp/e;
    %jmp/0xz  T_4.6, 4;
    %jmp T_4.7;
T_4.6 ;
    %vpi_call/w 3 131 "$error", "Erro: dout[%0d] deveria ser %b, mas \303\251 %b", v0x560729eb09c0_0, v0x560729eb0790_0, &PV<v0x560729eb0650_0, v0x560729eb0880_0, 1> {0 0 0};
T_4.7 ;
T_4.4 ;
T_4.1 ;
    %jmp T_4;
    .thread T_4;
# The file index is used to find the file name in the following table.
:file_names 5;
    "N/A";
    "<interactive>";
    "-";
    "tb/tb_1x8demux.sv";
    "rtl/1x8demux.sv";
