#! /usr/bin/vvp
:ivl_version "12.0 (stable)";
:ivl_delay_selection "TYPICAL";
:vpi_time_precision + 0;
:vpi_module "/usr/lib64/ivl/system.vpi";
:vpi_module "/usr/lib64/ivl/vhdl_sys.vpi";
:vpi_module "/usr/lib64/ivl/vhdl_textio.vpi";
:vpi_module "/usr/lib64/ivl/v2005_math.vpi";
:vpi_module "/usr/lib64/ivl/va_math.vpi";
:vpi_module "/usr/lib64/ivl/v2009.vpi";
S_0x558382fed130 .scope package, "$unit" "$unit" 2 1;
 .timescale 0 0;
S_0x558382fed2c0 .scope module, "adder_top" "adder_top" 3 82;
 .timescale 0 0;
v0x558383008f40_0 .net "adder_out", 31 0, L_0x558383009610;  1 drivers
v0x558383009020_0 .net "carry_out", 0 0, L_0x5583830096b0;  1 drivers
v0x5583830090c0_0 .var "clk", 0 0;
v0x558383009160_0 .var "en", 0 0;
v0x558383009200_0 .var "en_prev", 0 0;
v0x5583830092f0_0 .var "op_a", 31 0;
v0x558383009390_0 .var "op_b", 31 0;
v0x558383009430_0 .var "prev_a", 31 0;
v0x5583830094d0_0 .var "prev_b", 31 0;
v0x558383009570_0 .var "reset_n", 0 0;
E_0x558382feae60 .event posedge, v0x558382fdcd50_0;
S_0x558382fb1500 .scope module, "dut" "adder" 3 92, 4 8 0, S_0x558382fed2c0;
 .timescale 0 0;
    .port_info 0 /INPUT 1 "clk";
    .port_info 1 /INPUT 1 "reset_n";
    .port_info 2 /INPUT 1 "en";
    .port_info 3 /INPUT 32 "op_a";
    .port_info 4 /INPUT 32 "op_b";
    .port_info 5 /OUTPUT 32 "adder_out";
    .port_info 6 /OUTPUT 1 "carry_out";
v0x558382fdadf0_0 .net "adder_out", 31 0, L_0x558383009610;  alias, 1 drivers
v0x558382fdb2a0_0 .var "adder_reg", 32 0;
v0x558382fdc550_0 .net "carry_out", 0 0, L_0x5583830096b0;  alias, 1 drivers
v0x558382fdcd50_0 .net "clk", 0 0, v0x5583830090c0_0;  1 drivers
v0x558383008ad0_0 .net "en", 0 0, v0x558383009160_0;  1 drivers
v0x558383008be0_0 .net "op_a", 31 0, v0x5583830092f0_0;  1 drivers
v0x558383008cc0_0 .net "op_b", 31 0, v0x558383009390_0;  1 drivers
v0x558383008da0_0 .net "reset_n", 0 0, v0x558383009570_0;  1 drivers
E_0x558382fb1e60/0 .event negedge, v0x558383008da0_0;
E_0x558382fb1e60/1 .event posedge, v0x558382fdcd50_0;
E_0x558382fb1e60 .event/or E_0x558382fb1e60/0, E_0x558382fb1e60/1;
L_0x558383009610 .part v0x558382fdb2a0_0, 0, 32;
L_0x5583830096b0 .part v0x558382fdb2a0_0, 32, 1;
    .scope S_0x558382fb1500;
T_0 ;
    %wait E_0x558382fb1e60;
    %load/vec4 v0x558383008da0_0;
    %nor/r;
    %flag_set/vec4 8;
    %jmp/0xz  T_0.0, 8;
    %pushi/vec4 0, 0, 33;
    %assign/vec4 v0x558382fdb2a0_0, 0;
    %jmp T_0.1;
T_0.0 ;
    %load/vec4 v0x558383008ad0_0;
    %flag_set/vec4 8;
    %jmp/0xz  T_0.2, 8;
    %load/vec4 v0x558383008be0_0;
    %pad/u 33;
    %load/vec4 v0x558383008cc0_0;
    %pad/u 33;
    %add;
    %assign/vec4 v0x558382fdb2a0_0, 0;
T_0.2 ;
T_0.1 ;
    %jmp T_0;
    .thread T_0;
    .scope S_0x558382fed2c0;
T_1 ;
    %delay 5, 0;
    %load/vec4 v0x5583830090c0_0;
    %inv;
    %store/vec4 v0x5583830090c0_0, 0, 1;
    %jmp T_1;
    .thread T_1;
    .scope S_0x558382fed2c0;
T_2 ;
    %vpi_call/w 3 111 "$dumpfile", "adder32.vcd" {0 0 0};
    %vpi_call/w 3 112 "$dumpvars", 32'sb00000000000000000000000000000000, S_0x558382fed2c0 {0 0 0};
    %pushi/vec4 0, 0, 1;
    %store/vec4 v0x558383009160_0, 0, 1;
    %pushi/vec4 0, 0, 1;
    %store/vec4 v0x5583830090c0_0, 0, 1;
    %pushi/vec4 0, 0, 1;
    %store/vec4 v0x558383009570_0, 0, 1;
    %pushi/vec4 0, 0, 32;
    %store/vec4 v0x5583830092f0_0, 0, 32;
    %pushi/vec4 0, 0, 32;
    %store/vec4 v0x558383009390_0, 0, 32;
    %pushi/vec4 2, 0, 32;
T_2.0 %dup/vec4;
    %pushi/vec4 0, 0, 32;
    %cmp/s;
    %jmp/1xz T_2.1, 5;
    %jmp/1 T_2.1, 4;
    %pushi/vec4 1, 0, 32;
    %sub;
    %wait E_0x558382feae60;
    %jmp T_2.0;
T_2.1 ;
    %pop/vec4 1;
    %pushi/vec4 1, 0, 1;
    %store/vec4 v0x558383009570_0, 0, 1;
    %pushi/vec4 10, 0, 32;
T_2.2 %dup/vec4;
    %pushi/vec4 0, 0, 32;
    %cmp/s;
    %jmp/1xz T_2.3, 5;
    %jmp/1 T_2.3, 4;
    %pushi/vec4 1, 0, 32;
    %sub;
    %wait E_0x558382feae60;
    %delay 1, 0;
    %pushi/vec4 1, 0, 1;
    %store/vec4 v0x558383009160_0, 0, 1;
    %vpi_func 3 128 "$urandom" 32 {0 0 0};
    %store/vec4 v0x5583830092f0_0, 0, 32;
    %vpi_func 3 129 "$urandom" 32 {0 0 0};
    %store/vec4 v0x558383009390_0, 0, 32;
    %wait E_0x558382feae60;
    %delay 1, 0;
    %pushi/vec4 0, 0, 1;
    %store/vec4 v0x558383009160_0, 0, 1;
    %jmp T_2.2;
T_2.3 ;
    %pop/vec4 1;
    %delay 100, 0;
    %vpi_call/w 3 136 "$finish" {0 0 0};
    %end;
    .thread T_2;
    .scope S_0x558382fed2c0;
T_3 ;
    %wait E_0x558382feae60;
    %load/vec4 v0x5583830092f0_0;
    %assign/vec4 v0x558383009430_0, 0;
    %load/vec4 v0x558383009390_0;
    %assign/vec4 v0x5583830094d0_0, 0;
    %load/vec4 v0x558383009160_0;
    %assign/vec4 v0x558383009200_0, 0;
    %jmp T_3;
    .thread T_3;
    .scope S_0x558382fed2c0;
T_4 ;
    %wait E_0x558382feae60;
    %delay 1, 0;
    %load/vec4 v0x558383009570_0;
    %nor/r;
    %flag_set/vec4 8;
    %jmp/0xz  T_4.0, 8;
    %load/vec4 v0x558383008f40_0;
    %cmpi/e 0, 0, 32;
    %jmp/0xz  T_4.2, 4;
    %jmp T_4.3;
T_4.2 ;
    %vpi_call/w 3 149 "$error", "Falha! Adder out n\303\243o zerou no reset." {0 0 0};
T_4.3 ;
    %jmp T_4.1;
T_4.0 ;
    %load/vec4 v0x558383009200_0;
    %flag_set/vec4 8;
    %jmp/0xz  T_4.4, 8;
    %load/vec4 v0x558383008f40_0;
    %load/vec4 v0x558383009430_0;
    %load/vec4 v0x5583830094d0_0;
    %add;
    %cmp/e;
    %jmp/0xz  T_4.6, 4;
    %jmp T_4.7;
T_4.6 ;
    %vpi_call/w 3 153 "$error", "Erro: %d + %d != %d", v0x558383009430_0, v0x5583830094d0_0, v0x558383008f40_0 {0 0 0};
T_4.7 ;
T_4.4 ;
T_4.1 ;
    %jmp T_4;
    .thread T_4;
# The file index is used to find the file name in the following table.
:file_names 5;
    "N/A";
    "<interactive>";
    "-";
    "tb/tb_adder32.sv";
    "rtl/adder32.sv";
