#! /usr/bin/vvp
:ivl_version "12.0 (stable)";
:ivl_delay_selection "TYPICAL";
:vpi_time_precision + 0;
:vpi_module "/usr/lib64/ivl/system.vpi";
:vpi_module "/usr/lib64/ivl/vhdl_sys.vpi";
:vpi_module "/usr/lib64/ivl/vhdl_textio.vpi";
:vpi_module "/usr/lib64/ivl/v2005_math.vpi";
:vpi_module "/usr/lib64/ivl/va_math.vpi";
:vpi_module "/usr/lib64/ivl/v2009.vpi";
S_0x561e4baf45b0 .scope package, "$unit" "$unit" 2 1;
 .timescale 0 0;
S_0x561e4baf4740 .scope module, "arbiter_top" "arbiter_top" 3 95;
 .timescale 0 0;
v0x561e4bb1b7e0_0 .var "client1_req", 0 0;
v0x561e4bb1b8a0_0 .var "client2_req", 0 0;
v0x561e4bb1b940_0 .var "clk", 0 0;
v0x561e4bb1b9e0_0 .var/i "i", 31 0;
v0x561e4bb1ba80_0 .net "o_grant1", 0 0, L_0x561e4bb1bd90;  1 drivers
v0x561e4bb1bb20_0 .net "o_grant2", 0 0, L_0x561e4bb1bed0;  1 drivers
v0x561e4bb1bbc0_0 .var "priority_sel", 0 0;
v0x561e4bb1bc90_0 .var "reset_n", 0 0;
E_0x561e4baed930 .event posedge, v0x561e4bb1b180_0;
S_0x561e4bab4500 .scope autotask, "check_saidas" "check_saidas" 3 160, 3 160 0, S_0x561e4baf4740;
 .timescale 0 0;
v0x561e4bae58c0_0 .var "p_sel", 0 0;
v0x561e4bae5d70_0 .var "r1", 0 0;
v0x561e4bae6790_0 .var "r2", 0 0;
TD_arbiter_top.check_saidas ;
    %pushi/vec4 2, 0, 32;
T_0.0 %dup/vec4;
    %pushi/vec4 0, 0, 32;
    %cmp/s;
    %jmp/1xz T_0.1, 5;
    %jmp/1 T_0.1, 4;
    %pushi/vec4 1, 0, 32;
    %sub;
    %wait E_0x561e4baed930;
    %jmp T_0.0;
T_0.1 ;
    %pop/vec4 1;
    %delay 1, 0;
    %load/vec4 v0x561e4bae5d70_0;
    %flag_set/vec4 9;
    %flag_get/vec4 9;
    %jmp/0 T_0.4, 9;
    %load/vec4 v0x561e4bae6790_0;
    %and;
T_0.4;
    %flag_set/vec4 8;
    %jmp/0xz  T_0.2, 8;
    %load/vec4 v0x561e4bae58c0_0;
    %pad/u 32;
    %cmpi/e 1, 0, 32;
    %jmp/0xz  T_0.5, 4;
    %load/vec4 v0x561e4bb1ba80_0;
    %pad/u 32;
    %cmpi/e 1, 0, 32;
    %jmp/0xz  T_0.7, 4;
    %jmp T_0.8;
T_0.7 ;
    %vpi_call/w 3 167 "$error", "Falha: Prioridade 1 devia atender cliente 1 primeiro" {0 0 0};
T_0.8 ;
    %wait E_0x561e4baed930;
    %delay 1, 0;
    %load/vec4 v0x561e4bb1bb20_0;
    %pad/u 32;
    %cmpi/e 1, 0, 32;
    %jmp/0xz  T_0.9, 4;
    %jmp T_0.10;
T_0.9 ;
    %vpi_call/w 3 172 "$error", "Falha: Fila nao andou para cliente 2" {0 0 0};
T_0.10 ;
    %jmp T_0.6;
T_0.5 ;
    %load/vec4 v0x561e4bb1bb20_0;
    %pad/u 32;
    %cmpi/e 1, 0, 32;
    %jmp/0xz  T_0.11, 4;
    %jmp T_0.12;
T_0.11 ;
    %vpi_call/w 3 174 "$error", "Falha: Prioridade 0 devia atender cliente 2 primeiro" {0 0 0};
T_0.12 ;
    %wait E_0x561e4baed930;
    %delay 1, 0;
    %load/vec4 v0x561e4bb1ba80_0;
    %pad/u 32;
    %cmpi/e 1, 0, 32;
    %jmp/0xz  T_0.13, 4;
    %jmp T_0.14;
T_0.13 ;
    %vpi_call/w 3 179 "$error", "Falha: Fila nao andou para cliente 1" {0 0 0};
T_0.14 ;
T_0.6 ;
    %jmp T_0.3;
T_0.2 ;
    %load/vec4 v0x561e4bae5d70_0;
    %flag_set/vec4 9;
    %flag_get/vec4 9;
    %jmp/0 T_0.17, 9;
    %load/vec4 v0x561e4bae6790_0;
    %nor/r;
    %and;
T_0.17;
    %flag_set/vec4 8;
    %jmp/0xz  T_0.15, 8;
    %load/vec4 v0x561e4bb1ba80_0;
    %pad/u 32;
    %cmpi/e 1, 0, 32;
    %jmp/0xz  T_0.18, 4;
    %jmp T_0.19;
T_0.18 ;
    %vpi_call/w 3 184 "$error", "Falha, cliente 1 pediu sozinho mas n\303\243o recebeu a vez! p_sel = %b", v0x561e4bae58c0_0 {0 0 0};
T_0.19 ;
    %jmp T_0.16;
T_0.15 ;
    %load/vec4 v0x561e4bae5d70_0;
    %nor/r;
    %flag_set/vec4 9;
    %flag_get/vec4 9;
    %jmp/0 T_0.22, 9;
    %load/vec4 v0x561e4bae6790_0;
    %and;
T_0.22;
    %flag_set/vec4 8;
    %jmp/0xz  T_0.20, 8;
    %load/vec4 v0x561e4bb1bb20_0;
    %pad/u 32;
    %cmpi/e 1, 0, 32;
    %jmp/0xz  T_0.23, 4;
    %jmp T_0.24;
T_0.23 ;
    %vpi_call/w 3 188 "$error", "Falha, cliente 2 pediu sozinho mas n\303\243o recebeu a vez! p_sel = %b", v0x561e4bae58c0_0 {0 0 0};
T_0.24 ;
T_0.20 ;
T_0.16 ;
T_0.3 ;
    %end;
S_0x561e4bb1aad0 .scope module, "dut" "arbiter" 3 107, 4 20 0, S_0x561e4baf4740;
 .timescale 0 0;
    .port_info 0 /INPUT 1 "clk";
    .port_info 1 /INPUT 1 "reset_n";
    .port_info 2 /INPUT 1 "priority_sel";
    .port_info 3 /INPUT 1 "client1_req";
    .port_info 4 /INPUT 1 "client2_req";
    .port_info 5 /OUTPUT 1 "o_grant1";
    .port_info 6 /OUTPUT 1 "o_grant2";
P_0x561e4bab5dd0 .param/l "CLINET1" 0 4 53, C4<01>;
P_0x561e4bab5e10 .param/l "CLINET2" 0 4 54, C4<10>;
P_0x561e4bab5e50 .param/l "IDLE" 0 4 52, C4<00>;
L_0x7f51dc641018 .functor BUFT 1, C4<01>, C4<0>, C4<0>, C4<0>;
v0x561e4bae6c80_0 .net/2u *"_ivl_0", 1 0, L_0x7f51dc641018;  1 drivers
L_0x7f51dc641060 .functor BUFT 1, C4<10>, C4<0>, C4<0>, C4<0>;
v0x561e4bae7c30_0 .net/2u *"_ivl_4", 1 0, L_0x7f51dc641060;  1 drivers
v0x561e4bae3550_0 .net "client1_req", 0 0, v0x561e4bb1b7e0_0;  1 drivers
v0x561e4bae3650_0 .var "client1_req_d", 0 0;
v0x561e4bb1afb0_0 .net "client2_req", 0 0, v0x561e4bb1b8a0_0;  1 drivers
v0x561e4bb1b0c0_0 .var "client2_req_d", 0 0;
v0x561e4bb1b180_0 .net "clk", 0 0, v0x561e4bb1b940_0;  1 drivers
v0x561e4bb1b240_0 .var "curr_state", 1 0;
v0x561e4bb1b320_0 .var "next_state", 1 0;
v0x561e4bb1b400_0 .net "o_grant1", 0 0, L_0x561e4bb1bd90;  alias, 1 drivers
v0x561e4bb1b4c0_0 .net "o_grant2", 0 0, L_0x561e4bb1bed0;  alias, 1 drivers
v0x561e4bb1b580_0 .net "priority_sel", 0 0, v0x561e4bb1bbc0_0;  1 drivers
v0x561e4bb1b640_0 .net "reset_n", 0 0, v0x561e4bb1bc90_0;  1 drivers
E_0x561e4bab4e60/0 .event negedge, v0x561e4bb1b640_0;
E_0x561e4bab4e60/1 .event posedge, v0x561e4bb1b180_0;
E_0x561e4bab4e60 .event/or E_0x561e4bab4e60/0, E_0x561e4bab4e60/1;
E_0x561e4bad8770 .event anyedge, v0x561e4bb1b580_0, v0x561e4bb1b240_0, v0x561e4bb1b0c0_0, v0x561e4bae3650_0;
L_0x561e4bb1bd90 .cmp/eq 2, v0x561e4bb1b240_0, L_0x7f51dc641018;
L_0x561e4bb1bed0 .cmp/eq 2, v0x561e4bb1b240_0, L_0x7f51dc641060;
    .scope S_0x561e4bb1aad0;
T_1 ;
    %wait E_0x561e4bad8770;
    %load/vec4 v0x561e4bb1b240_0;
    %dup/vec4;
    %pushi/vec4 0, 0, 2;
    %cmp/u;
    %jmp/1 T_1.0, 6;
    %dup/vec4;
    %pushi/vec4 1, 0, 2;
    %cmp/u;
    %jmp/1 T_1.1, 6;
    %dup/vec4;
    %pushi/vec4 2, 0, 2;
    %cmp/u;
    %jmp/1 T_1.2, 6;
    %pushi/vec4 0, 0, 2;
    %store/vec4 v0x561e4bb1b320_0, 0, 2;
    %jmp T_1.4;
T_1.0 ;
    %load/vec4 v0x561e4bb1b580_0;
    %flag_set/vec4 9;
    %flag_get/vec4 9;
    %jmp/0 T_1.7, 9;
    %load/vec4 v0x561e4bae3650_0;
    %and;
T_1.7;
    %flag_set/vec4 8;
    %jmp/0xz  T_1.5, 8;
    %pushi/vec4 1, 0, 2;
    %store/vec4 v0x561e4bb1b320_0, 0, 2;
    %jmp T_1.6;
T_1.5 ;
    %load/vec4 v0x561e4bb1b0c0_0;
    %flag_set/vec4 8;
    %jmp/0xz  T_1.8, 8;
    %pushi/vec4 2, 0, 2;
    %store/vec4 v0x561e4bb1b320_0, 0, 2;
    %jmp T_1.9;
T_1.8 ;
    %pushi/vec4 0, 0, 2;
    %store/vec4 v0x561e4bb1b320_0, 0, 2;
T_1.9 ;
T_1.6 ;
    %jmp T_1.4;
T_1.1 ;
    %load/vec4 v0x561e4bb1b0c0_0;
    %flag_set/vec4 8;
    %jmp/0xz  T_1.10, 8;
    %pushi/vec4 2, 0, 2;
    %store/vec4 v0x561e4bb1b320_0, 0, 2;
    %jmp T_1.11;
T_1.10 ;
    %pushi/vec4 0, 0, 2;
    %store/vec4 v0x561e4bb1b320_0, 0, 2;
T_1.11 ;
    %jmp T_1.4;
T_1.2 ;
    %load/vec4 v0x561e4bae3650_0;
    %flag_set/vec4 8;
    %jmp/0xz  T_1.12, 8;
    %pushi/vec4 1, 0, 2;
    %store/vec4 v0x561e4bb1b320_0, 0, 2;
    %jmp T_1.13;
T_1.12 ;
    %pushi/vec4 0, 0, 2;
    %store/vec4 v0x561e4bb1b320_0, 0, 2;
T_1.13 ;
    %jmp T_1.4;
T_1.4 ;
    %pop/vec4 1;
    %jmp T_1;
    .thread T_1, $push;
    .scope S_0x561e4bb1aad0;
T_2 ;
    %wait E_0x561e4bab4e60;
    %load/vec4 v0x561e4bb1b640_0;
    %nor/r;
    %flag_set/vec4 8;
    %jmp/0xz  T_2.0, 8;
    %pushi/vec4 0, 0, 2;
    %assign/vec4 v0x561e4bb1b240_0, 0;
    %jmp T_2.1;
T_2.0 ;
    %load/vec4 v0x561e4bb1b320_0;
    %assign/vec4 v0x561e4bb1b240_0, 0;
T_2.1 ;
    %jmp T_2;
    .thread T_2;
    .scope S_0x561e4bb1aad0;
T_3 ;
    %wait E_0x561e4bab4e60;
    %load/vec4 v0x561e4bb1b640_0;
    %nor/r;
    %flag_set/vec4 8;
    %jmp/0xz  T_3.0, 8;
    %pushi/vec4 0, 0, 1;
    %assign/vec4 v0x561e4bae3650_0, 0;
    %pushi/vec4 0, 0, 1;
    %assign/vec4 v0x561e4bb1b0c0_0, 0;
    %jmp T_3.1;
T_3.0 ;
    %load/vec4 v0x561e4bb1b400_0;
    %flag_set/vec4 8;
    %jmp/0xz  T_3.2, 8;
    %pushi/vec4 0, 0, 1;
    %assign/vec4 v0x561e4bae3650_0, 0;
    %jmp T_3.3;
T_3.2 ;
    %load/vec4 v0x561e4bae3550_0;
    %flag_set/vec4 8;
    %jmp/0xz  T_3.4, 8;
    %pushi/vec4 1, 0, 1;
    %assign/vec4 v0x561e4bae3650_0, 0;
T_3.4 ;
T_3.3 ;
    %load/vec4 v0x561e4bb1b4c0_0;
    %flag_set/vec4 8;
    %jmp/0xz  T_3.6, 8;
    %pushi/vec4 0, 0, 1;
    %assign/vec4 v0x561e4bb1b0c0_0, 0;
    %jmp T_3.7;
T_3.6 ;
    %load/vec4 v0x561e4bb1afb0_0;
    %flag_set/vec4 8;
    %jmp/0xz  T_3.8, 8;
    %pushi/vec4 1, 0, 1;
    %assign/vec4 v0x561e4bb1b0c0_0, 0;
T_3.8 ;
T_3.7 ;
T_3.1 ;
    %jmp T_3;
    .thread T_3;
    .scope S_0x561e4baf4740;
T_4 ;
    %delay 5, 0;
    %load/vec4 v0x561e4bb1b940_0;
    %inv;
    %store/vec4 v0x561e4bb1b940_0, 0, 1;
    %jmp T_4;
    .thread T_4;
    .scope S_0x561e4baf4740;
T_5 ;
    %vpi_call/w 3 122 "$dumpfile", "arbiter.vcd" {0 0 0};
    %vpi_call/w 3 123 "$dumpvars", 32'sb00000000000000000000000000000000, S_0x561e4baf4740 {0 0 0};
    %pushi/vec4 0, 0, 1;
    %store/vec4 v0x561e4bb1b940_0, 0, 1;
    %pushi/vec4 0, 0, 1;
    %store/vec4 v0x561e4bb1bc90_0, 0, 1;
    %pushi/vec4 0, 0, 1;
    %store/vec4 v0x561e4bb1bbc0_0, 0, 1;
    %pushi/vec4 0, 0, 1;
    %store/vec4 v0x561e4bb1b7e0_0, 0, 1;
    %pushi/vec4 0, 0, 1;
    %store/vec4 v0x561e4bb1b8a0_0, 0, 1;
    %pushi/vec4 2, 0, 32;
T_5.0 %dup/vec4;
    %pushi/vec4 0, 0, 32;
    %cmp/s;
    %jmp/1xz T_5.1, 5;
    %jmp/1 T_5.1, 4;
    %pushi/vec4 1, 0, 32;
    %sub;
    %wait E_0x561e4baed930;
    %jmp T_5.0;
T_5.1 ;
    %pop/vec4 1;
    %pushi/vec4 1, 0, 1;
    %store/vec4 v0x561e4bb1bc90_0, 0, 1;
    %pushi/vec4 0, 0, 32;
    %store/vec4 v0x561e4bb1b9e0_0, 0, 32;
T_5.2 ;
    %load/vec4 v0x561e4bb1b9e0_0;
    %cmpi/s 8, 0, 32;
    %jmp/0xz T_5.3, 5;
    %wait E_0x561e4baed930;
    %load/vec4 v0x561e4bb1b9e0_0;
    %parti/s 1, 2, 3;
    %assign/vec4 v0x561e4bb1bbc0_0, 0;
    %load/vec4 v0x561e4bb1b9e0_0;
    %parti/s 1, 1, 2;
    %assign/vec4 v0x561e4bb1b7e0_0, 0;
    %load/vec4 v0x561e4bb1b9e0_0;
    %parti/s 1, 0, 2;
    %assign/vec4 v0x561e4bb1b8a0_0, 0;
    %wait E_0x561e4baed930;
    %pushi/vec4 0, 0, 1;
    %assign/vec4 v0x561e4bb1b7e0_0, 0;
    %pushi/vec4 0, 0, 1;
    %assign/vec4 v0x561e4bb1b8a0_0, 0;
    %pushi/vec4 4, 0, 32;
T_5.4 %dup/vec4;
    %pushi/vec4 0, 0, 32;
    %cmp/s;
    %jmp/1xz T_5.5, 5;
    %jmp/1 T_5.5, 4;
    %pushi/vec4 1, 0, 32;
    %sub;
    %wait E_0x561e4baed930;
    %jmp T_5.4;
T_5.5 ;
    %pop/vec4 1;
    %load/vec4 v0x561e4bb1b9e0_0;
    %addi 1, 0, 32;
    %store/vec4 v0x561e4bb1b9e0_0, 0, 32;
    %jmp T_5.2;
T_5.3 ;
    %delay 1000, 0;
    %vpi_call/w 3 146 "$finish" {0 0 0};
    %end;
    .thread T_5;
    .scope S_0x561e4baf4740;
T_6 ;
    %wait E_0x561e4baed930;
    %delay 1, 0;
    %load/vec4 v0x561e4bb1bc90_0;
    %flag_set/vec4 9;
    %flag_get/vec4 9;
    %jmp/0 T_6.2, 9;
    %load/vec4 v0x561e4bb1b7e0_0;
    %flag_set/vec4 9;
    %flag_get/vec4 9;
    %jmp/1 T_6.3, 9;
    %load/vec4 v0x561e4bb1b8a0_0;
    %or;
T_6.3;
    %and;
T_6.2;
    %flag_set/vec4 8;
    %jmp/0xz  T_6.0, 8;
    %fork t_1, S_0x561e4baf4740;
    %join/detach 1;
    %jmp t_0;
t_1 ;
    %alloc S_0x561e4bab4500;
    %load/vec4 v0x561e4bb1bbc0_0;
    %store/vec4 v0x561e4bae58c0_0, 0, 1;
    %load/vec4 v0x561e4bb1b7e0_0;
    %store/vec4 v0x561e4bae5d70_0, 0, 1;
    %load/vec4 v0x561e4bb1b8a0_0;
    %store/vec4 v0x561e4bae6790_0, 0, 1;
    %fork TD_arbiter_top.check_saidas, S_0x561e4bab4500;
    %join;
    %free S_0x561e4bab4500;
    %end;
    .scope S_0x561e4baf4740;
t_0 ;
T_6.0 ;
    %jmp T_6;
    .thread T_6;
    .scope S_0x561e4baf4740;
T_7 ;
    %wait E_0x561e4baed930;
    %delay 2, 0;
    %load/vec4 v0x561e4bb1bc90_0;
    %nor/r;
    %flag_set/vec4 8;
    %jmp/0xz  T_7.0, 8;
    %load/vec4 v0x561e4bb1ba80_0;
    %pad/u 32;
    %cmpi/e 0, 0, 32;
    %flag_get/vec4 4;
    %jmp/0 T_7.4, 4;
    %load/vec4 v0x561e4bb1bb20_0;
    %pad/u 32;
    %pushi/vec4 0, 0, 32;
    %cmp/e;
    %flag_get/vec4 4;
    %and;
T_7.4;
    %flag_set/vec4 8;
    %jmp/0xz  T_7.2, 8;
    %jmp T_7.3;
T_7.2 ;
    %vpi_call/w 3 197 "$error", "Erro no reset" {0 0 0};
T_7.3 ;
T_7.0 ;
    %jmp T_7;
    .thread T_7;
# The file index is used to find the file name in the following table.
:file_names 5;
    "N/A";
    "<interactive>";
    "-";
    "tb/tb_arbiter.sv";
    "rtl/arbiter.sv";
