#! /usr/bin/vvp
:ivl_version "13.0 (stable)" "(v13_0)";
:ivl_delay_selection "TYPICAL";
:vpi_time_precision + 0;
:vpi_module "/usr/lib64/ivl/system.vpi";
:vpi_module "/usr/lib64/ivl/vhdl_sys.vpi";
:vpi_module "/usr/lib64/ivl/vhdl_textio.vpi";
:vpi_module "/usr/lib64/ivl/v2005_math.vpi";
:vpi_module "/usr/lib64/ivl/va_math.vpi";
:vpi_module "/usr/lib64/ivl/v2009.vpi";
S_0x55f0e89b4440 .scope package, "$unit" "$unit" 2 1;
 .timescale 0 0;
S_0x55f0e89bfc60 .scope module, "counter_top" "counter_top" 3 1;
 .timescale 0 0;
v0x55f0e89e1ca0_0 .var "clk", 0 0;
v0x55f0e89e1d60_0 .net "counter_out", 31 0, L_0x55f0e89e23f0;  1 drivers
v0x55f0e89e1e00_0 .net "counter_overflow", 0 0, L_0x55f0e89e2350;  1 drivers
v0x55f0e89e1ea0_0 .var "en", 0 0;
v0x55f0e89e1f40_0 .var "load", 0 0;
v0x55f0e89e2030_0 .var "prev_counter_out", 31 0;
v0x55f0e89e20d0_0 .var "prev_counter_overflow", 0 0;
v0x55f0e89e2170_0 .var "prev_en", 0 0;
v0x55f0e89e2210_0 .var "prev_load", 0 0;
v0x55f0e89e22b0_0 .var "reset_n", 0 0;
E_0x55f0e89bded0 .event posedge, v0x55f0e89ae010_0;
S_0x55f0e89bfdf0 .scope module, "dut" "counter_overflow" 3 19, 4 18 0, S_0x55f0e89bfc60;
 .timescale 0 0;
    .port_info 0 /INPUT 1 "clk";
    .port_info 1 /INPUT 1 "reset_n";
    .port_info 2 /INPUT 1 "en";
    .port_info 3 /INPUT 1 "load";
    .port_info 4 /OUTPUT 32 "counter_out";
    .port_info 5 /OUTPUT 1 "counter_overflow";
v0x55f0e89ae010_0 .net "clk", 0 0, v0x55f0e89e1ca0_0;  1 drivers
v0x55f0e89ae370_0 .net "counter_out", 31 0, L_0x55f0e89e23f0;  alias, 1 drivers
v0x55f0e89ae860_0 .net "counter_overflow", 0 0, L_0x55f0e89e2350;  alias, 1 drivers
v0x55f0e89aed90_0 .var "counter_reg", 32 0;
v0x55f0e89af180_0 .net "en", 0 0, v0x55f0e89e1ea0_0;  1 drivers
v0x55f0e89b0ff0_0 .net "load", 0 0, v0x55f0e89e1f40_0;  1 drivers
v0x55f0e89e1b20_0 .net "reset_n", 0 0, v0x55f0e89e22b0_0;  1 drivers
E_0x55f0e8984e50/0 .event negedge, v0x55f0e89e1b20_0;
E_0x55f0e8984e50/1 .event posedge, v0x55f0e89ae010_0;
E_0x55f0e8984e50 .event/or E_0x55f0e8984e50/0, E_0x55f0e8984e50/1;
L_0x55f0e89e2350 .part v0x55f0e89aed90_0, 32, 1;
L_0x55f0e89e23f0 .part v0x55f0e89aed90_0, 0, 32;
    .scope S_0x55f0e89bfdf0;
T_0 ;
    %wait E_0x55f0e8984e50;
    %load/vec4 v0x55f0e89e1b20_0;
    %nor/r;
    %flag_set/vec4 8;
    %jmp/0xz  T_0.0, 8;
    %pushi/vec4 0, 0, 33;
    %assign/vec4 v0x55f0e89aed90_0, 0;
T_0.0 ;
    %load/vec4 v0x55f0e89b0ff0_0;
    %flag_set/vec4 8;
    %jmp/0xz  T_0.2, 8;
    %pushi/vec4 4294967292, 0, 32;
    %concati/vec4 0, 0, 1;
    %assign/vec4 v0x55f0e89aed90_0, 0;
T_0.2 ;
    %load/vec4 v0x55f0e89af180_0;
    %flag_set/vec4 8;
    %jmp/0xz  T_0.4, 8;
    %load/vec4 v0x55f0e89aed90_0;
    %addi 1, 0, 33;
    %assign/vec4 v0x55f0e89aed90_0, 0;
T_0.4 ;
    %jmp T_0;
    .thread T_0;
    .scope S_0x55f0e89bfc60;
T_1 ;
    %delay 5, 0;
    %load/vec4 v0x55f0e89e1ca0_0;
    %inv;
    %store/vec4 v0x55f0e89e1ca0_0, 0, 1;
    %jmp T_1;
    .thread T_1;
    .scope S_0x55f0e89bfc60;
T_2 ;
    %vpi_call/w 3 33 "$dumpfile", "counter32bit.vcd" {0 0 0};
    %vpi_call/w 3 34 "$dumpvars", 32'sb00000000000000000000000000000000, S_0x55f0e89bfc60 {0 0 0};
    %pushi/vec4 0, 0, 1;
    %store/vec4 v0x55f0e89e1ca0_0, 0, 1;
    %pushi/vec4 0, 0, 1;
    %store/vec4 v0x55f0e89e22b0_0, 0, 1;
    %pushi/vec4 0, 0, 1;
    %store/vec4 v0x55f0e89e1ea0_0, 0, 1;
    %pushi/vec4 0, 0, 1;
    %store/vec4 v0x55f0e89e1f40_0, 0, 1;
    %pushi/vec4 0, 0, 1;
    %store/vec4 v0x55f0e89e2170_0, 0, 1;
    %pushi/vec4 0, 0, 1;
    %store/vec4 v0x55f0e89e2210_0, 0, 1;
    %pushi/vec4 0, 0, 32;
    %store/vec4 v0x55f0e89e2030_0, 0, 32;
    %pushi/vec4 0, 0, 1;
    %store/vec4 v0x55f0e89e20d0_0, 0, 1;
    %pushi/vec4 2, 0, 32;
T_2.0 %dup/vec4;
    %cmpi/s 0, 0, 32;
    %jmp/1xz T_2.1, 5;
    %jmp/1 T_2.1, 4;
    %subi 1, 0, 32;
    %wait E_0x55f0e89bded0;
    %jmp T_2.0;
T_2.1 ;
    %pop/vec4 1;
    %pushi/vec4 1, 0, 1;
    %store/vec4 v0x55f0e89e22b0_0, 0, 1;
    %wait E_0x55f0e89bded0;
    %delay 1, 0;
    %pushi/vec4 1, 0, 1;
    %store/vec4 v0x55f0e89e1f40_0, 0, 1;
    %pushi/vec4 0, 0, 1;
    %store/vec4 v0x55f0e89e1ea0_0, 0, 1;
    %wait E_0x55f0e89bded0;
    %delay 1, 0;
    %pushi/vec4 0, 0, 1;
    %store/vec4 v0x55f0e89e1f40_0, 0, 1;
    %pushi/vec4 1, 0, 1;
    %store/vec4 v0x55f0e89e1ea0_0, 0, 1;
    %pushi/vec4 15, 0, 32;
T_2.2 %dup/vec4;
    %cmpi/s 0, 0, 32;
    %jmp/1xz T_2.3, 5;
    %jmp/1 T_2.3, 4;
    %subi 1, 0, 32;
    %wait E_0x55f0e89bded0;
    %delay 1, 0;
    %jmp T_2.2;
T_2.3 ;
    %pop/vec4 1;
    %pushi/vec4 50, 0, 32;
T_2.4 %dup/vec4;
    %cmpi/s 0, 0, 32;
    %jmp/1xz T_2.5, 5;
    %jmp/1 T_2.5, 4;
    %subi 1, 0, 32;
    %wait E_0x55f0e89bded0;
    %delay 1, 0;
    %vpi_func 3 70 "$urandom_range" 32, 32'sb00000000000000000000000000000000, 32'sb00000000000000000000000000001001 {0 0 0};
    %cmpi/u 2, 0, 32;
    %flag_or 5, 4; GT is !LE
    %flag_inv 5;
    %flag_mov 8, 5;
    %jmp/0 T_2.6, 8;
    %pushi/vec4 1, 0, 2;
    %jmp/1 T_2.7, 8;
T_2.6 ; End of true expr.
    %pushi/vec4 0, 0, 2;
    %jmp/0 T_2.7, 8;
 ; End of false expr.
    %blend;
T_2.7;
    %pad/s 1;
    %store/vec4 v0x55f0e89e1ea0_0, 0, 1;
    %vpi_func 3 72 "$urandom_range" 32, 32'sb00000000000000000000000000000000, 32'sb00000000000000000000000000001001 {0 0 0};
    %cmpi/u 8, 0, 32;
    %flag_or 5, 4; GT is !LE
    %flag_inv 5;
    %flag_mov 8, 5;
    %jmp/0 T_2.8, 8;
    %pushi/vec4 1, 0, 2;
    %jmp/1 T_2.9, 8;
T_2.8 ; End of true expr.
    %pushi/vec4 0, 0, 2;
    %jmp/0 T_2.9, 8;
 ; End of false expr.
    %blend;
T_2.9;
    %pad/s 1;
    %store/vec4 v0x55f0e89e1f40_0, 0, 1;
    %jmp T_2.4;
T_2.5 ;
    %pop/vec4 1;
    %delay 1000, 0;
    %vpi_call/w 3 75 "$finish" {0 0 0};
    %end;
    .thread T_2;
    .scope S_0x55f0e89bfc60;
T_3 ;
    %wait E_0x55f0e89bded0;
    %load/vec4 v0x55f0e89e1ea0_0;
    %assign/vec4 v0x55f0e89e2170_0, 0;
    %load/vec4 v0x55f0e89e1f40_0;
    %assign/vec4 v0x55f0e89e2210_0, 0;
    %load/vec4 v0x55f0e89e1d60_0;
    %assign/vec4 v0x55f0e89e2030_0, 0;
    %load/vec4 v0x55f0e89e1e00_0;
    %assign/vec4 v0x55f0e89e20d0_0, 0;
    %jmp T_3;
    .thread T_3;
    .scope S_0x55f0e89bfc60;
T_4 ;
    %wait E_0x55f0e89bded0;
    %delay 2, 0;
    %load/vec4 v0x55f0e89e22b0_0;
    %nor/r;
    %flag_set/vec4 8;
    %jmp/0xz  T_4.0, 8;
    %load/vec4 v0x55f0e89e1e00_0;
    %load/vec4 v0x55f0e89e1d60_0;
    %concat/vec4; draw_concat_vec4
    %cmpi/e 0, 0, 33;
    %jmp/0xz  T_4.2, 4;
    %jmp T_4.3;
T_4.2 ;
    %vpi_call/w 3 93 "$error", "Falha no reset! A sa\303\255da n\303\243o zerou." {0 0 0};
T_4.3 ;
    %jmp T_4.1;
T_4.0 ;
    %load/vec4 v0x55f0e89e2210_0;
    %flag_set/vec4 8;
    %jmp/0xz  T_4.4, 8;
    %load/vec4 v0x55f0e89e1e00_0;
    %load/vec4 v0x55f0e89e1d60_0;
    %concat/vec4; draw_concat_vec4
    %pushi/vec4 4294967292, 0, 32;
    %concati/vec4 0, 0, 1;
    %cmp/e;
    %jmp/0xz  T_4.6, 4;
    %jmp T_4.7;
T_4.6 ;
    %vpi_call/w 3 99 "$error", "Erro no Load: Saida gerou %b_%b. Incompat\303\255vel!", v0x55f0e89e1e00_0, v0x55f0e89e1d60_0 {0 0 0};
T_4.7 ;
    %jmp T_4.5;
T_4.4 ;
    %load/vec4 v0x55f0e89e2170_0;
    %flag_set/vec4 8;
    %jmp/0xz  T_4.8, 8;
    %load/vec4 v0x55f0e89e1e00_0;
    %load/vec4 v0x55f0e89e1d60_0;
    %concat/vec4; draw_concat_vec4
    %load/vec4 v0x55f0e89e20d0_0;
    %load/vec4 v0x55f0e89e2030_0;
    %concat/vec4; draw_concat_vec4
    %addi 1, 0, 33;
    %cmp/e;
    %jmp/0xz  T_4.10, 4;
    %jmp T_4.11;
T_4.10 ;
    %vpi_call/w 3 105 "$error", "Erro de Incremento: En estava 1, mas o valor anterior n\303\243o somou +1 corretamente!" {0 0 0};
T_4.11 ;
    %jmp T_4.9;
T_4.8 ;
    %load/vec4 v0x55f0e89e2170_0;
    %nor/r;
    %flag_set/vec4 9;
    %flag_get/vec4 9;
    %jmp/0 T_4.14, 9;
    %load/vec4 v0x55f0e89e2210_0;
    %nor/r;
    %and;
T_4.14;
    %flag_set/vec4 8;
    %jmp/0xz  T_4.12, 8;
    %load/vec4 v0x55f0e89e1e00_0;
    %load/vec4 v0x55f0e89e1d60_0;
    %concat/vec4; draw_concat_vec4
    %load/vec4 v0x55f0e89e20d0_0;
    %load/vec4 v0x55f0e89e2030_0;
    %concat/vec4; draw_concat_vec4
    %cmp/e;
    %jmp/0xz  T_4.15, 4;
    %jmp T_4.16;
T_4.15 ;
    %vpi_call/w 3 111 "$error", "Erro Default: O contador alterou o valor sem estar habilitado!" {0 0 0};
T_4.16 ;
T_4.12 ;
T_4.9 ;
T_4.5 ;
T_4.1 ;
    %jmp T_4;
    .thread T_4;
# The file index is used to find the file name in the following table.
:file_names 5;
    "N/A";
    "<interactive>";
    "-";
    "tb/tb_counter32bit.sv";
    "rtl/counter32bit.sv";
