#! /usr/bin/vvp
:ivl_version "12.0 (stable)";
:ivl_delay_selection "TYPICAL";
:vpi_time_precision + 0;
:vpi_module "/usr/lib64/ivl/system.vpi";
:vpi_module "/usr/lib64/ivl/vhdl_sys.vpi";
:vpi_module "/usr/lib64/ivl/vhdl_textio.vpi";
:vpi_module "/usr/lib64/ivl/v2005_math.vpi";
:vpi_module "/usr/lib64/ivl/va_math.vpi";
:vpi_module "/usr/lib64/ivl/v2009.vpi";
S_0x56554629e890 .scope package, "$unit" "$unit" 2 1;
 .timescale 0 0;
S_0x56554629ea20 .scope module, "encoder_top" "encoder_top" 3 56;
 .timescale 0 0;
v0x5655462bc740_0 .var "clk", 0 0;
v0x5655462bc800_0 .var "din", 3 0;
v0x5655462bc8a0_0 .var "din_prev", 3 0;
v0x5655462bc940_0 .net "dout", 1 0, v0x56554628df30_0;  1 drivers
v0x5655462bca00_0 .var "en", 0 0;
v0x5655462bcaf0_0 .var "prev_dout", 1 0;
v0x5655462bcb90_0 .var "prev_en", 0 0;
v0x5655462bcc50_0 .var "rstn", 0 0;
E_0x56554629cc70 .event posedge, v0x56554628c060_0;
S_0x565546263500 .scope module, "dut" "encoder4x2" 3 68, 4 11 0, S_0x56554629ea20;
 .timescale 0 0;
    .port_info 0 /INPUT 4 "din";
    .port_info 1 /INPUT 1 "clk";
    .port_info 2 /OUTPUT 2 "dout";
    .port_info 3 /INPUT 1 "rstn";
    .port_info 4 /INPUT 1 "en";
v0x56554628c060_0 .net "clk", 0 0, v0x5655462bc740_0;  1 drivers
v0x56554628c4c0_0 .net "din", 3 0, v0x5655462bc800_0;  1 drivers
v0x56554628df30_0 .var "dout", 1 0;
v0x5655462bc4d0_0 .net "en", 0 0, v0x5655462bca00_0;  1 drivers
v0x5655462bc590_0 .net "rstn", 0 0, v0x5655462bcc50_0;  1 drivers
E_0x565546263e00/0 .event negedge, v0x5655462bc590_0;
E_0x565546263e00/1 .event posedge, v0x56554628c060_0;
E_0x565546263e00 .event/or E_0x565546263e00/0, E_0x565546263e00/1;
    .scope S_0x565546263500;
T_0 ;
    %wait E_0x565546263e00;
    %load/vec4 v0x5655462bc590_0;
    %nor/r;
    %flag_set/vec4 8;
    %jmp/0xz  T_0.0, 8;
    %pushi/vec4 0, 0, 2;
    %store/vec4 v0x56554628df30_0, 0, 2;
    %jmp T_0.1;
T_0.0 ;
    %load/vec4 v0x5655462bc4d0_0;
    %flag_set/vec4 8;
    %jmp/0xz  T_0.2, 8;
    %load/vec4 v0x56554628c4c0_0;
    %dup/vec4;
    %pushi/vec4 1, 0, 4;
    %cmp/u;
    %jmp/1 T_0.4, 6;
    %dup/vec4;
    %pushi/vec4 2, 0, 4;
    %cmp/u;
    %jmp/1 T_0.5, 6;
    %dup/vec4;
    %pushi/vec4 4, 0, 4;
    %cmp/u;
    %jmp/1 T_0.6, 6;
    %dup/vec4;
    %pushi/vec4 8, 0, 4;
    %cmp/u;
    %jmp/1 T_0.7, 6;
    %pushi/vec4 0, 0, 2;
    %store/vec4 v0x56554628df30_0, 0, 2;
    %jmp T_0.9;
T_0.4 ;
    %pushi/vec4 0, 0, 2;
    %store/vec4 v0x56554628df30_0, 0, 2;
    %jmp T_0.9;
T_0.5 ;
    %pushi/vec4 1, 0, 2;
    %store/vec4 v0x56554628df30_0, 0, 2;
    %jmp T_0.9;
T_0.6 ;
    %pushi/vec4 2, 0, 2;
    %store/vec4 v0x56554628df30_0, 0, 2;
    %jmp T_0.9;
T_0.7 ;
    %pushi/vec4 3, 0, 2;
    %store/vec4 v0x56554628df30_0, 0, 2;
    %jmp T_0.9;
T_0.9 ;
    %pop/vec4 1;
T_0.2 ;
T_0.1 ;
    %jmp T_0;
    .thread T_0;
    .scope S_0x56554629ea20;
T_1 ;
    %delay 5, 0;
    %load/vec4 v0x5655462bc740_0;
    %inv;
    %store/vec4 v0x5655462bc740_0, 0, 1;
    %jmp T_1;
    .thread T_1;
    .scope S_0x56554629ea20;
T_2 ;
    %vpi_call/w 3 80 "$dumpfile", "encoder4x2.vcd" {0 0 0};
    %vpi_call/w 3 81 "$dumpvars", 32'sb00000000000000000000000000000000, S_0x56554629ea20 {0 0 0};
    %pushi/vec4 0, 0, 1;
    %store/vec4 v0x5655462bc740_0, 0, 1;
    %pushi/vec4 0, 0, 1;
    %store/vec4 v0x5655462bca00_0, 0, 1;
    %pushi/vec4 0, 0, 1;
    %store/vec4 v0x5655462bcc50_0, 0, 1;
    %pushi/vec4 0, 0, 4;
    %store/vec4 v0x5655462bc800_0, 0, 4;
    %pushi/vec4 0, 0, 2;
    %store/vec4 v0x5655462bcaf0_0, 0, 2;
    %pushi/vec4 0, 0, 1;
    %store/vec4 v0x5655462bcb90_0, 0, 1;
    %pushi/vec4 0, 0, 4;
    %store/vec4 v0x5655462bc8a0_0, 0, 4;
    %pushi/vec4 2, 0, 32;
T_2.0 %dup/vec4;
    %pushi/vec4 0, 0, 32;
    %cmp/s;
    %jmp/1xz T_2.1, 5;
    %jmp/1 T_2.1, 4;
    %pushi/vec4 1, 0, 32;
    %sub;
    %wait E_0x56554629cc70;
    %jmp T_2.0;
T_2.1 ;
    %pop/vec4 1;
    %pushi/vec4 1, 0, 1;
    %store/vec4 v0x5655462bcc50_0, 0, 1;
    %pushi/vec4 20, 0, 32;
T_2.2 %dup/vec4;
    %pushi/vec4 0, 0, 32;
    %cmp/s;
    %jmp/1xz T_2.3, 5;
    %jmp/1 T_2.3, 4;
    %pushi/vec4 1, 0, 32;
    %sub;
    %wait E_0x56554629cc70;
    %delay 1, 0;
    %vpi_func 3 97 "$urandom_range" 32, 32'sb00000000000000000000000000000000, 32'sb00000000000000000000000000000001 {0 0 0};
    %pad/u 1;
    %store/vec4 v0x5655462bca00_0, 0, 1;
    %vpi_func 3 98 "$urandom_range" 32, 32'sb00000000000000000000000000000000, 32'sb00000000000000000000000000001001 {0 0 0};
    %pad/u 4;
    %store/vec4 v0x5655462bc800_0, 0, 4;
    %jmp T_2.2;
T_2.3 ;
    %pop/vec4 1;
    %delay 1000, 0;
    %vpi_call/w 3 101 "$finish" {0 0 0};
    %end;
    .thread T_2;
    .scope S_0x56554629ea20;
T_3 ;
    %wait E_0x56554629cc70;
    %load/vec4 v0x5655462bca00_0;
    %flag_set/vec4 8;
    %jmp/0xz  T_3.0, 8;
    %load/vec4 v0x5655462bc800_0;
    %assign/vec4 v0x5655462bc8a0_0, 0;
T_3.0 ;
    %load/vec4 v0x5655462bc940_0;
    %assign/vec4 v0x5655462bcaf0_0, 0;
    %load/vec4 v0x5655462bca00_0;
    %assign/vec4 v0x5655462bcb90_0, 0;
    %jmp T_3;
    .thread T_3;
    .scope S_0x56554629ea20;
T_4 ;
    %wait E_0x56554629cc70;
    %delay 2, 0;
    %load/vec4 v0x5655462bcc50_0;
    %nor/r;
    %flag_set/vec4 8;
    %jmp/0xz  T_4.0, 8;
    %load/vec4 v0x5655462bc940_0;
    %cmpi/e 0, 0, 2;
    %jmp/0xz  T_4.2, 4;
    %jmp T_4.3;
T_4.2 ;
    %vpi_call/w 3 119 "$error", "Falha no reset!\012" {0 0 0};
T_4.3 ;
    %jmp T_4.1;
T_4.0 ;
    %load/vec4 v0x5655462bcb90_0;
    %flag_set/vec4 8;
    %jmp/0xz  T_4.4, 8;
    %load/vec4 v0x5655462bc8a0_0;
    %cmpi/e 1, 0, 4;
    %jmp/1 T_4.10, 4;
    %flag_mov 8, 4;
    %load/vec4 v0x5655462bc8a0_0;
    %cmpi/e 2, 0, 4;
    %flag_or 4, 8;
T_4.10;
    %jmp/1 T_4.9, 4;
    %flag_mov 8, 4;
    %load/vec4 v0x5655462bc8a0_0;
    %cmpi/e 4, 0, 4;
    %flag_or 4, 8;
T_4.9;
    %jmp/1 T_4.8, 4;
    %flag_mov 8, 4;
    %load/vec4 v0x5655462bc8a0_0;
    %cmpi/e 8, 0, 4;
    %flag_or 4, 8;
T_4.8;
    %jmp/0xz  T_4.6, 4;
    %load/vec4 v0x5655462bc8a0_0;
    %pushi/vec4 1, 0, 4;
    %ix/getv 4, v0x5655462bc940_0;
    %shiftl 4;
    %cmp/e;
    %jmp/0xz  T_4.11, 4;
    %jmp T_4.12;
T_4.11 ;
    %vpi_call/w 3 127 "$error", "Erro: din_prev era %b, dout gerou %b. Incompat\303\255vel!", v0x5655462bc8a0_0, v0x5655462bc940_0 {0 0 0};
T_4.12 ;
    %jmp T_4.7;
T_4.6 ;
    %load/vec4 v0x5655462bc940_0;
    %cmpi/e 0, 0, 2;
    %jmp/0xz  T_4.13, 4;
    %jmp T_4.14;
T_4.13 ;
    %vpi_call/w 3 132 "$error", "Erro Default: O lixo %b n\303\243o zerou a sa\303\255da!", v0x5655462bc8a0_0 {0 0 0};
T_4.14 ;
T_4.7 ;
    %jmp T_4.5;
T_4.4 ;
    %load/vec4 v0x5655462bcb90_0;
    %nor/r;
    %flag_set/vec4 8;
    %jmp/0xz  T_4.15, 8;
    %load/vec4 v0x5655462bc940_0;
    %load/vec4 v0x5655462bcaf0_0;
    %cmp/e;
    %jmp/0xz  T_4.17, 4;
    %jmp T_4.18;
T_4.17 ;
    %vpi_call/w 3 139 "$error", "Erro no dout q=0!\012" {0 0 0};
T_4.18 ;
T_4.15 ;
T_4.5 ;
T_4.1 ;
    %jmp T_4;
    .thread T_4;
# The file index is used to find the file name in the following table.
:file_names 5;
    "N/A";
    "<interactive>";
    "-";
    "tb/tb_encoder4x2.sv";
    "rtl/encoder4x2.sv";
