#! /usr/bin/vvp
:ivl_version "12.0 (stable)";
:ivl_delay_selection "TYPICAL";
:vpi_time_precision + 0;
:vpi_module "/usr/lib64/ivl/system.vpi";
:vpi_module "/usr/lib64/ivl/vhdl_sys.vpi";
:vpi_module "/usr/lib64/ivl/vhdl_textio.vpi";
:vpi_module "/usr/lib64/ivl/v2005_math.vpi";
:vpi_module "/usr/lib64/ivl/va_math.vpi";
:vpi_module "/usr/lib64/ivl/v2009.vpi";
S_0x564e4fb4f5c0 .scope package, "$unit" "$unit" 2 1;
 .timescale 0 0;
S_0x564e4fb4f750 .scope module, "multi_tb" "multi_tb" 3 51;
 .timescale 0 0;
v0x564e4fba9140_0 .var "clk", 0 0;
v0x564e4fba9200_0 .var "en", 0 0;
v0x564e4fba92a0_0 .net "multi_out", 31 0, L_0x564e4fb78490;  1 drivers
v0x564e4fba9340_0 .var "op_a", 15 0;
v0x564e4fba93e0_0 .var "op_b", 15 0;
v0x564e4fba94d0_0 .var "prev_a", 15 0;
v0x564e4fba9570_0 .var "prev_b", 15 0;
v0x564e4fba9630_0 .var "prev_en", 0 0;
v0x564e4fba96f0_0 .var "prev_out", 31 0;
v0x564e4fba97d0_0 .var "reset_n", 0 0;
E_0x564e4fb8c020 .event posedge, v0x564e4fb78990_0;
S_0x564e4fb8a2c0 .scope module, "dut" "multiplier" 3 65, 4 16 0, S_0x564e4fb4f750;
 .timescale 0 0;
    .port_info 0 /INPUT 1 "clk";
    .port_info 1 /INPUT 1 "reset_n";
    .port_info 2 /INPUT 1 "en";
    .port_info 3 /INPUT 16 "op_a";
    .port_info 4 /INPUT 16 "op_b";
    .port_info 5 /OUTPUT 32 "multi_out";
L_0x564e4fb78490 .functor BUFZ 32, v0x564e4fb7b130_0, C4<00000000000000000000000000000000>, C4<00000000000000000000000000000000>, C4<00000000000000000000000000000000>;
v0x564e4fb78990_0 .net "clk", 0 0, v0x564e4fba9140_0;  1 drivers
v0x564e4fb78fd0_0 .net "en", 0 0, v0x564e4fba9200_0;  1 drivers
v0x564e4fb79670_0 .net "multi_out", 31 0, L_0x564e4fb78490;  alias, 1 drivers
v0x564e4fb7b130_0 .var "multi_out_reg", 31 0;
v0x564e4fba8db0_0 .net "op_a", 15 0, v0x564e4fba9340_0;  1 drivers
v0x564e4fba8ee0_0 .net "op_b", 15 0, v0x564e4fba93e0_0;  1 drivers
v0x564e4fba8fc0_0 .net "reset_n", 0 0, v0x564e4fba97d0_0;  1 drivers
E_0x564e4fb8ab40/0 .event negedge, v0x564e4fba8fc0_0;
E_0x564e4fb8ab40/1 .event posedge, v0x564e4fb78990_0;
E_0x564e4fb8ab40 .event/or E_0x564e4fb8ab40/0, E_0x564e4fb8ab40/1;
    .scope S_0x564e4fb8a2c0;
T_0 ;
    %wait E_0x564e4fb8ab40;
    %load/vec4 v0x564e4fba8fc0_0;
    %nor/r;
    %flag_set/vec4 8;
    %jmp/0xz  T_0.0, 8;
    %pushi/vec4 0, 0, 32;
    %assign/vec4 v0x564e4fb7b130_0, 0;
    %jmp T_0.1;
T_0.0 ;
    %load/vec4 v0x564e4fb78fd0_0;
    %flag_set/vec4 8;
    %jmp/0xz  T_0.2, 8;
    %load/vec4 v0x564e4fba8db0_0;
    %pad/u 32;
    %load/vec4 v0x564e4fba8ee0_0;
    %pad/u 32;
    %mul;
    %assign/vec4 v0x564e4fb7b130_0, 0;
T_0.2 ;
T_0.1 ;
    %jmp T_0;
    .thread T_0;
    .scope S_0x564e4fb4f750;
T_1 ;
    %delay 5, 0;
    %load/vec4 v0x564e4fba9140_0;
    %inv;
    %store/vec4 v0x564e4fba9140_0, 0, 1;
    %jmp T_1;
    .thread T_1;
    .scope S_0x564e4fb4f750;
T_2 ;
    %vpi_call/w 3 77 "$dumpfile", "multiplier16x16.vcd" {0 0 0};
    %vpi_call/w 3 78 "$dumpvars", 32'sb00000000000000000000000000000000, S_0x564e4fb4f750 {0 0 0};
    %pushi/vec4 0, 0, 1;
    %store/vec4 v0x564e4fba9140_0, 0, 1;
    %pushi/vec4 0, 0, 1;
    %store/vec4 v0x564e4fba97d0_0, 0, 1;
    %pushi/vec4 0, 0, 1;
    %store/vec4 v0x564e4fba9200_0, 0, 1;
    %pushi/vec4 0, 0, 16;
    %store/vec4 v0x564e4fba9340_0, 0, 16;
    %pushi/vec4 0, 0, 16;
    %store/vec4 v0x564e4fba93e0_0, 0, 16;
    %pushi/vec4 2, 0, 32;
T_2.0 %dup/vec4;
    %pushi/vec4 0, 0, 32;
    %cmp/s;
    %jmp/1xz T_2.1, 5;
    %jmp/1 T_2.1, 4;
    %pushi/vec4 1, 0, 32;
    %sub;
    %wait E_0x564e4fb8c020;
    %jmp T_2.0;
T_2.1 ;
    %pop/vec4 1;
    %pushi/vec4 1, 0, 1;
    %store/vec4 v0x564e4fba97d0_0, 0, 1;
    %wait E_0x564e4fb8c020;
    %delay 1, 0;
    %pushi/vec4 1, 0, 1;
    %store/vec4 v0x564e4fba9200_0, 0, 1;
    %pushi/vec4 0, 0, 16;
    %store/vec4 v0x564e4fba9340_0, 0, 16;
    %pushi/vec4 32000, 0, 16;
    %store/vec4 v0x564e4fba93e0_0, 0, 16;
    %wait E_0x564e4fb8c020;
    %delay 1, 0;
    %pushi/vec4 1, 0, 1;
    %store/vec4 v0x564e4fba9200_0, 0, 1;
    %pushi/vec4 65535, 0, 16;
    %store/vec4 v0x564e4fba9340_0, 0, 16;
    %pushi/vec4 65535, 0, 16;
    %store/vec4 v0x564e4fba93e0_0, 0, 16;
    %pushi/vec4 100, 0, 32;
T_2.2 %dup/vec4;
    %pushi/vec4 0, 0, 32;
    %cmp/s;
    %jmp/1xz T_2.3, 5;
    %jmp/1 T_2.3, 4;
    %pushi/vec4 1, 0, 32;
    %sub;
    %wait E_0x564e4fb8c020;
    %delay 1, 0;
    %vpi_func 3 106 "$urandom_range" 32, 32'sb00000000000000000000000000000000, 32'sb00000000000000000000000000000001 {0 0 0};
    %pad/u 1;
    %store/vec4 v0x564e4fba9200_0, 0, 1;
    %vpi_func 3 107 "$urandom" 32 {0 0 0};
    %pad/u 16;
    %store/vec4 v0x564e4fba9340_0, 0, 16;
    %vpi_func 3 108 "$urandom" 32 {0 0 0};
    %pad/u 16;
    %store/vec4 v0x564e4fba93e0_0, 0, 16;
    %jmp T_2.2;
T_2.3 ;
    %pop/vec4 1;
    %delay 100, 0;
    %vpi_call/w 3 111 "$finish" {0 0 0};
    %end;
    .thread T_2;
    .scope S_0x564e4fb4f750;
T_3 ;
    %wait E_0x564e4fb8c020;
    %load/vec4 v0x564e4fba9200_0;
    %flag_set/vec4 8;
    %jmp/0xz  T_3.0, 8;
    %load/vec4 v0x564e4fba9340_0;
    %assign/vec4 v0x564e4fba94d0_0, 0;
    %load/vec4 v0x564e4fba93e0_0;
    %assign/vec4 v0x564e4fba9570_0, 0;
T_3.0 ;
    %load/vec4 v0x564e4fba9200_0;
    %assign/vec4 v0x564e4fba9630_0, 0;
    %load/vec4 v0x564e4fba92a0_0;
    %assign/vec4 v0x564e4fba96f0_0, 0;
    %jmp T_3;
    .thread T_3;
    .scope S_0x564e4fb4f750;
T_4 ;
    %wait E_0x564e4fb8c020;
    %delay 2, 0;
    %load/vec4 v0x564e4fba97d0_0;
    %nor/r;
    %flag_set/vec4 8;
    %jmp/0xz  T_4.0, 8;
    %load/vec4 v0x564e4fba92a0_0;
    %cmpi/e 0, 0, 32;
    %jmp/0xz  T_4.2, 4;
    %jmp T_4.3;
T_4.2 ;
    %vpi_call/w 3 129 "$error", "Erro no reset, out == %d", v0x564e4fba92a0_0 {0 0 0};
T_4.3 ;
    %jmp T_4.1;
T_4.0 ;
    %load/vec4 v0x564e4fba9630_0;
    %flag_set/vec4 8;
    %jmp/0xz  T_4.4, 8;
    %load/vec4 v0x564e4fba92a0_0;
    %load/vec4 v0x564e4fba94d0_0;
    %pad/u 32;
    %load/vec4 v0x564e4fba9570_0;
    %pad/u 32;
    %mul;
    %cmp/e;
    %jmp/0xz  T_4.6, 4;
    %jmp T_4.7;
T_4.6 ;
    %load/vec4 v0x564e4fba94d0_0;
    %load/vec4 v0x564e4fba9570_0;
    %mul;
    %vpi_call/w 3 134 "$error", "Erro: out = %d, deveria ser %d", v0x564e4fba92a0_0, S<0,vec4,u16> {1 0 0};
T_4.7 ;
    %jmp T_4.5;
T_4.4 ;
    %load/vec4 v0x564e4fba9630_0;
    %nor/r;
    %flag_set/vec4 8;
    %jmp/0xz  T_4.8, 8;
    %load/vec4 v0x564e4fba92a0_0;
    %load/vec4 v0x564e4fba96f0_0;
    %cmp/e;
    %jmp/0xz  T_4.10, 4;
    %jmp T_4.11;
T_4.10 ;
    %vpi_call/w 3 139 "$error", "Erro quando en = 0, out = %d, deveria ser %d", v0x564e4fba92a0_0, v0x564e4fba96f0_0 {0 0 0};
T_4.11 ;
T_4.8 ;
T_4.5 ;
T_4.1 ;
    %jmp T_4;
    .thread T_4;
# The file index is used to find the file name in the following table.
:file_names 5;
    "N/A";
    "<interactive>";
    "-";
    "tb/tb_multiplier16x16.sv";
    "rtl/multiplier16x16.sv";
